Microchip MPLAB XC8 Compiler V2.30

Linker command line:

-W-3 --edf=C:\Program Files\Microchip\xc8\v2.30\pic\dat\en_msgs.txt -cn \
  -h+dist/default/debug\FINAL_DERBOT.X.debug.sym \
  --cmf=dist/default/debug\FINAL_DERBOT.X.debug.cmf -z -Q18F25K22 \
  -oC:\Users\robom\AppData\Local\Temp\s68sx2 --defsym=__MPLAB_BUILD=1 \
  -Mdist/default/debug/FINAL_DERBOT.X.debug.map -E1 -ver=XC8 Compiler \
  --acfsm=1493 -ASTACK=060h-05FFh -pstack=STACK -ACODE=00h-07FFFh \
  -ACONST=00h-07FFFh -ASMALLCONST=0600h-06FFhx122 \
  -AMEDIUMCONST=0600h-07FFFh -ACOMRAM=01h-05Fh -AABS1=00h-05FFh \
  -ABIGRAM=01h-05FFh -ARAM=060h-0FFh,0100h-01FFhx5 -ABANK0=060h-0FFh \
  -ABANK1=0100h-01FFh -ABANK2=0200h-02FFh -ABANK3=0300h-03FFh \
  -ABANK4=0400h-04FFh -ABANK5=0500h-05FFh -ASFR=0F38h-0F5Fh,0F60h-0FFFh \
  -ACONFIG=0300000h-030000Dh -AIDLOC=0200000h-0200007h \
  -AEEDATA=0F00000h-0F000FFh -peeprom_data=EEDATA \
  -preset_vec=00h,intcode,intcodelo,powerup,init -pramtop=0600h \
  -psmallconst=SMALLCONST -pmediumconst=MEDIUMCONST -pconst=CONST \
  -AFARRAM=00h-00h \
  -prdata=COMRAM,nvrram=COMRAM,nvbit=COMRAM,rbss=COMRAM,rbit=COMRAM \
  -pfarbss=FARRAM,fardata=FARRAM,nvFARRAM=FARRAM \
  -pintsave_regs=BIGRAM,bigbss=BIGRAM,bigdata=BIGRAM -pbss=RAM \
  -pidata=CODE,irdata=CODE,ibigdata=CODE,ifardata=CODE -prparam=COMRAM \
  C:\Users\robom\AppData\Local\Temp\s68sx8.o \
  dist/default/debug\FINAL_DERBOT.X.debug.o 

Object code version is 3.11

Machine type is 18F25K22



                Name                               Link     Load   Length Selector   Space Scale
C:\Users\robom\AppData\Local\Temp\s68sx8.o
                idloc                            200000   200000        8        0       5
                config                           300000   300000        E        0       4
                init                                  0        0        4        0       0
dist/default/debug\FINAL_DERBOT.X.debug.o
                idloc                            200000   200000        8        0       5
                config                           300000   300000        E        0       4
                text19                             7C28     7C28       16     3E14       0
                text18                             7CC4     7CC4       26     3E62       0
                text17                             7D14     7D14       2C     3E8A       0
                text16                             7BD4     7BD4        4     3DEA       0
                text15                             7C3E     7C3E       16     3E1F       0
                text14                             7CEA     7CEA       2A     3E75       0
                text13                             7E30     7E30       86     3F18       0
                text12                             7C00     7C00       14     3E00       0
                text11                             7C14     7C14       14     3E0A       0
                text10                             7DD8     7DD8       58     3EEC       0
                text9                              7C54     7C54       16     3E2A       0
                text8                              7C84     7C84       20     3E42       0
                text7                              7CA4     7CA4       20     3E52       0
                text6                              7BE4     7BE4        E     3DF2       0
                text5                              7D40     7D40       2C     3EA0       0
                text4                              7BF2     7BF2        E     3DF9       0
                text3                              7C6A     7C6A       1A     3E35       0
                text2                              7F52     7F52       AE     3FA9       0
                text1                              7D6C     7D6C       36     3EB6       0
                text0                              7EB6     7EB6       9C     3F5B       0
                cstackCOMRAM                         17       17        8        1       1
                dataCOMRAM                            1        1        C        1       1
                bssCOMRAM                             D        D        A        1       1
                cinit                              7DA2     7DA2       36     3ED1       0
                idataCOMRAM                        7BD8     7BD8        C     7BD8       0

TOTAL           Name                               Link     Load   Length     Space
        CLASS   STACK          

        CLASS   CODE           
                init                                  0        0        4         0
                text19                             7C28     7C28       16         0
                text18                             7CC4     7CC4       26         0
                text17                             7D14     7D14       2C         0
                text16                             7BD4     7BD4        4         0
                text15                             7C3E     7C3E       16         0
                text14                             7CEA     7CEA       2A         0
                text13                             7E30     7E30       86         0
                text12                             7C00     7C00       14         0
                text11                             7C14     7C14       14         0
                text10                             7DD8     7DD8       58         0
                text9                              7C54     7C54       16         0
                text8                              7C84     7C84       20         0
                text7                              7CA4     7CA4       20         0
                text6                              7BE4     7BE4        E         0
                text5                              7D40     7D40       2C         0
                text4                              7BF2     7BF2        E         0
                text3                              7C6A     7C6A       1A         0
                text2                              7F52     7F52       AE         0
                text1                              7D6C     7D6C       36         0
                text0                              7EB6     7EB6       9C         0
                cinit                              7DA2     7DA2       36         0
                idataCOMRAM                        7BD8     7BD8        C         0

        CLASS   CONST          

        CLASS   SMALLCONST     

        CLASS   MEDIUMCONST    

        CLASS   COMRAM         
                cstackCOMRAM                         17       17        8         1
                dataCOMRAM                            1        1        C         1
                bssCOMRAM                             D        D        A         1

        CLASS   ABS1           

        CLASS   BIGRAM         

        CLASS   RAM            

        CLASS   BANK0          

        CLASS   BANK1          

        CLASS   BANK2          

        CLASS   BANK3          

        CLASS   BANK4          

        CLASS   BANK5          

        CLASS   SFR            

        CLASS   CONFIG         
                config                           300000   300000        E         4

        CLASS   IDLOC          
                idloc                            200000   200000        8         5

        CLASS   EEDATA         

        CLASS   FARRAM         



SEGMENTS        Name                           Load    Length   Top    Selector   Space  Class

                reset_vec                      000000  000004  000004         0       0  CODE    
                dataCOMRAM                     000001  00001E  00001F         1       1  COMRAM  
                text16                         007BD4  000004  007BD8      3DEA       0  CODE    
                idataCOMRAM                    007BD8  00000C  007BE4      7BD8       0  CODE    
                text6                          007BE4  00000E  007BF2      3DF2       0  CODE    
                text4                          007BF2  00000E  007C00      3DF9       0  CODE    
                text12                         007C00  000014  007C14      3E00       0  CODE    
                text11                         007C14  000014  007C28      3E0A       0  CODE    
                text19                         007C28  000016  007C3E      3E14       0  CODE    
                text15                         007C3E  000016  007C54      3E1F       0  CODE    
                text9                          007C54  000016  007C6A      3E2A       0  CODE    
                text3                          007C6A  00001A  007C84      3E35       0  CODE    
                text8                          007C84  000020  007CA4      3E42       0  CODE    
                text7                          007CA4  000020  007CC4      3E52       0  CODE    
                text18                         007CC4  000026  007CEA      3E62       0  CODE    
                text14                         007CEA  00002A  007D14      3E75       0  CODE    
                text17                         007D14  00002C  007D40      3E8A       0  CODE    
                text5                          007D40  00002C  007D6C      3EA0       0  CODE    
                text1                          007D6C  000036  007DA2      3EB6       0  CODE    
                cinit                          007DA2  000036  007DD8      3ED1       0  CODE    
                text10                         007DD8  000058  007E30      3EEC       0  CODE    
                text13                         007E30  000086  007EB6      3F18       0  CODE    
                text0                          007EB6  00009C  007F52      3F5B       0  CODE    
                text2                          007F52  0000AE  008000      3FA9       0  CODE    


UNUSED ADDRESS RANGES

        Name                Unused          Largest block    Delta
        BANK0            000060-0000FF               A0
        BANK1            000100-0001FF              100
        BANK2            000200-0002FF              100
        BANK3            000300-0003FF              100
        BANK4            000400-0004FF              100
        BANK5            000500-0005FF              100
        BIGRAM           00001F-0005FF              5E1
        CODE             000004-007BD3             7BD0
        COMRAM           00001F-00005F               41
        CONST            000004-007BD3             7BD0
        EEDATA           F00000-F000FF              100
        MEDIUMCONST      000600-007BD3             75D4
        RAM              000060-0005FF              100
        SFR              000F38-000FFF               28
        SMALLCONST       000600-007BD3              100
        STACK            000060-0005FF              5A0

                                  Symbol Table

I2C_send_data@device_address     cstackCOMRAM 00001A
I2C_send_data@register_address   cstackCOMRAM 000018
I2C_send_data@register_data      cstackCOMRAM 000019
I2C_test@i                       cstackCOMRAM 00001D
WriteI2C@data                    cstackCOMRAM 000017
_ADCON0                          (abs)        000FC2
_ADCON0bits                      (abs)        000FC2
_ADCON1                          (abs)        000FC1
_ADCON2                          (abs)        000FC0
_ADC_Initialize                  text9        007C54
_ADC_InterruptHandler            bssCOMRAM    00000D
_ADRESH                          (abs)        000FC4
_ADRESL                          (abs)        000FC3
_ANSELA                          (abs)        000F38
_ANSELB                          (abs)        000F39
_ANSELC                          (abs)        000F3A
_CCP1CON                         (abs)        000FBD
_CCP2CON                         (abs)        000F66
_CCPR1H                          (abs)        000FBF
_CCPR1L                          (abs)        000FBE
_CCPR2H                          (abs)        000F68
_CCPR2L                          (abs)        000F67
_CCPTMRS0bits                    (abs)        000F49
_ECCP1AS                         (abs)        000FB6
_ECCP2AS                         (abs)        000F64
_EPWM1_Initialize                text8        007C84
_EPWM2_Initialize                text7        007CA4
_I2C_Initialise                  text19       007C28
_I2C_send_data                   text14       007CEA
_I2C_test                        text13       007E30
_INTCON2bits                     (abs)        000FF1
_INTCONbits                      (abs)        000FF2
_IdleI2C                         text18       007CC4
_IsOptoL                         text12       007C00
_IsOptoR                         text11       007C14
_LATA                            (abs)        000F89
_LATB                            (abs)        000F8A
_LATC                            (abs)        000F8B
_LATCbits                        (abs)        000F8B
_Lit                             bssCOMRAM    00000F
_MCP23008_Initialise             text10       007DD8
_OSCCON                          (abs)        000FD3
_OSCCON2                         (abs)        000FD2
_OSCILLATOR_Initialize           text6        007BE4
_OSCTUNE                         (abs)        000F9B
_PIN_MANAGER_Initialize          text5        007D40
_PIR1bits                        (abs)        000F9E
_PORTAbits                       (abs)        000F80
_PORTBbits                       (abs)        000F81
_PR2                             (abs)        000FBB
_PSTR1CON                        (abs)        000FB9
_PSTR2CON                        (abs)        000F63
_PWM1CON                         (abs)        000FB7
_PWM2CON                         (abs)        000F65
_SSP1ADD                         (abs)        000FC8
_SSP1BUF                         (abs)        000FC9
_SSP1CON1                        (abs)        000FC6
_SSP1CON2                        (abs)        000FC5
_SSP1CON2bits                    (abs)        000FC5
_SSP1CON3                        (abs)        000FCB
_SSP1STAT                        (abs)        000FC7
_SSP1STATbits                    (abs)        000FC7
_SYSTEM_Initialize               text3        007C6A
_StartI2C                        text17       007D14
_StopI2C                         text16       007BD4
_T2CON                           (abs)        000FBA
_T2CONbits                       (abs)        000FBA
_TMR2                            (abs)        000FBC
_TMR2_Initialize                 text4        007BF2
_TRISA                           (abs)        000F92
_TRISB                           (abs)        000F93
_TRISC                           (abs)        000F94
_UnLit                           bssCOMRAM    000011
_WPUB                            (abs)        000F61
_WriteI2C                        text15       007C3E
__HRAM                           (abs)        000000
__Habs1                          abs1         000000
__Hbank0                         bank0        000000
__Hbank1                         bank1        000000
__Hbank2                         bank2        000000
__Hbank3                         bank3        000000
__Hbank4                         bank4        000000
__Hbank5                         bank5        000000
__Hbigbss                        bigbss       000000
__Hbigdata                       bigdata      000000
__Hbigram                        bigram       000000
__Hbss                           bss          000000
__HbssCOMRAM                     bssCOMRAM    000000
__Hcinit                         cinit        000000
__Hclrtext                       clrtext      000000
__Hcomram                        comram       000000
__Hconfig                        config       30000E
__Hconst                         const        000000
__HcstackCOMRAM                  cstackCOMRAM 000000
__Hdata                          data         000000
__HdataCOMRAM                    dataCOMRAM   000000
__Heeprom_data                   eeprom_data  000000
__Hfarbss                        farbss       000000
__Hfardata                       fardata      000000
__Hibigdata                      ibigdata     000000
__Hidata                         idata        000000
__HidataCOMRAM                   idataCOMRAM  000000
__Hidloc                         idloc        200008
__Hifardata                      ifardata     000000
__Hinit                          init         000004
__Hintcode                       intcode      000000
__Hintcode_body                  intcode_body 000000
__Hintcodelo                     intcodelo    000000
__Hintentry                      intentry     000000
__Hintret                        intret       000000
__Hintsave_regs                  intsave_regs 000000
__Hirdata                        irdata       000000
__Hmediumconst                   mediumconst  000000
__HnvFARRAM                      nvFARRAM     000000
__Hnvbit                         nvbit        000000
__Hnvrram                        nvrram       000000
__Hparam                         rparam       000000
__Hpowerup                       powerup      000000
__Hram                           ram          000000
__Hramtop                        ramtop       000600
__Hrbit                          rbit         000000
__Hrbss                          rbss         000000
__Hrdata                         rdata        000000
__Hreset_vec                     reset_vec    000000
__Hrparam                        rparam       000000
__Hsfr                           sfr          000000
__Hsmallconst                    smallconst   000000
__Hspace_0                       (abs)        008000
__Hspace_1                       (abs)        00001F
__Hspace_2                       (abs)        000000
__Hspace_4                       (abs)        60000E
__Hstack                         stack        000000
__Hstruct                        struct       000000
__Htemp                          temp         000000
__Htext                          text         000000
__Htext0                         text0        000000
__Htext1                         text1        000000
__Htext10                        text10       000000
__Htext11                        text11       000000
__Htext12                        text12       000000
__Htext13                        text13       000000
__Htext14                        text14       000000
__Htext15                        text15       000000
__Htext16                        text16       000000
__Htext17                        text17       000000
__Htext18                        text18       000000
__Htext19                        text19       000000
__Htext2                         text2        000000
__Htext3                         text3        000000
__Htext4                         text4        000000
__Htext5                         text5        000000
__Htext6                         text6        000000
__Htext7                         text7        000000
__Htext8                         text8        000000
__Htext9                         text9        000000
__LRAM                           (abs)        000001
__Labs1                          abs1         000000
__Lbank0                         bank0        000000
__Lbank1                         bank1        000000
__Lbank2                         bank2        000000
__Lbank3                         bank3        000000
__Lbank4                         bank4        000000
__Lbank5                         bank5        000000
__Lbigbss                        bigbss       000000
__Lbigdata                       bigdata      000000
__Lbigram                        bigram       000000
__Lbss                           bss          000000
__LbssCOMRAM                     bssCOMRAM    000000
__Lcinit                         cinit        000000
__Lclrtext                       clrtext      000000
__Lcomram                        comram       000000
__Lconfig                        config       000000
__Lconst                         const        000000
__LcstackCOMRAM                  cstackCOMRAM 000000
__Ldata                          data         000000
__LdataCOMRAM                    dataCOMRAM   000000
__Leeprom_data                   eeprom_data  000000
__Lfarbss                        farbss       000000
__Lfardata                       fardata      000000
__Libigdata                      ibigdata     000000
__Lidata                         idata        000000
__LidataCOMRAM                   idataCOMRAM  000000
__Lidloc                         idloc        000000
__Lifardata                      ifardata     000000
__Linit                          init         000000
__Lintcode                       intcode      000000
__Lintcode_body                  intcode_body 000000
__Lintcodelo                     intcodelo    000000
__Lintentry                      intentry     000000
__Lintret                        intret       000000
__Lintsave_regs                  intsave_regs 000000
__Lirdata                        irdata       000000
__Lmediumconst                   mediumconst  000000
__LnvFARRAM                      nvFARRAM     000000
__Lnvbit                         nvbit        000000
__Lnvrram                        nvrram       000000
__Lparam                         rparam       000000
__Lpowerup                       powerup      000000
__Lram                           ram          000000
__Lramtop                        ramtop       000600
__Lrbit                          rbit         000000
__Lrbss                          rbss         000000
__Lrdata                         rdata        000000
__Lreset_vec                     reset_vec    000000
__Lrparam                        rparam       000000
__Lsfr                           sfr          000000
__Lsmallconst                    smallconst   000000
__Lspace_0                       (abs)        000000
__Lspace_1                       (abs)        000000
__Lspace_2                       (abs)        000000
__Lspace_4                       (abs)        000000
__Lstack                         stack        000000
__Lstruct                        struct       000000
__Ltemp                          temp         000000
__Ltext                          text         000000
__Ltext0                         text0        000000
__Ltext1                         text1        000000
__Ltext10                        text10       000000
__Ltext11                        text11       000000
__Ltext12                        text12       000000
__Ltext13                        text13       000000
__Ltext14                        text14       000000
__Ltext15                        text15       000000
__Ltext16                        text16       000000
__Ltext17                        text17       000000
__Ltext18                        text18       000000
__Ltext19                        text19       000000
__Ltext2                         text2        000000
__Ltext3                         text3        000000
__Ltext4                         text4        000000
__Ltext5                         text5        000000
__Ltext6                         text6        000000
__Ltext7                         text7        000000
__Ltext8                         text8        000000
__Ltext9                         text9        000000
__S0                             (abs)        008000
__S1                             (abs)        00001F
__S2                             (abs)        000000
__S4                             (abs)        000000
__S5                             (abs)        000000
___inthi_sp                      stack        000000
___intlo_sp                      stack        000000
___param_bank                    (abs)        000000
___rparam_used                   (abs)        000001
___sp                            stack        000000
__accesstop                      (abs)        000060
__activetblptr                   (abs)        000002
__end_of_ADC_Initialize          text9        007C6A
__end_of_EPWM1_Initialize        text8        007CA4
__end_of_EPWM2_Initialize        text7        007CC4
__end_of_I2C_Initialise          text19       007C3E
__end_of_I2C_send_data           text14       007D14
__end_of_I2C_test                text13       007EB6
__end_of_IdleI2C                 text18       007CEA
__end_of_IsOptoL                 text12       007C14
__end_of_IsOptoR                 text11       007C28
__end_of_MCP23008_Initialise     text10       007E30
__end_of_OSCILLATOR_Initialize   text6        007BF2
__end_of_PIN_MANAGER_Initialize  text5        007D6C
__end_of_SYSTEM_Initialize       text3        007C84
__end_of_StartI2C                text17       007D40
__end_of_StopI2C                 text16       007BD8
__end_of_TMR2_Initialize         text4        007C00
__end_of_WriteI2C                text15       007C54
__end_of__initialization         cinit        007DCE
__end_of_diagnostic              text2        008000
__end_of_main                    text0        007F52
__end_of_motor_fwd               text1        007DA2
__initialization                 cinit        007DA2
__mediumconst                    mediumconst  000000
__pbssCOMRAM                     bssCOMRAM    00000D
__pcinit                         cinit        007DA2
__pcstackCOMRAM                  cstackCOMRAM 000017
__pdataCOMRAM                    dataCOMRAM   000001
__pidataCOMRAM                   idataCOMRAM  007BD8
__ptext0                         text0        007EB6
__ptext1                         text1        007D6C
__ptext10                        text10       007DD8
__ptext11                        text11       007C14
__ptext12                        text12       007C00
__ptext13                        text13       007E30
__ptext14                        text14       007CEA
__ptext15                        text15       007C3E
__ptext16                        text16       007BD4
__ptext17                        text17       007D14
__ptext18                        text18       007CC4
__ptext19                        text19       007C28
__ptext2                         text2        007F52
__ptext3                         text3        007C6A
__ptext4                         text4        007BF2
__ptext5                         text5        007D40
__ptext6                         text6        007BE4
__ptext7                         text7        007CA4
__ptext8                         text8        007C84
__ptext9                         text9        007C54
__ramtop                         ramtop       000600
__size_of_ADC_Initialize         (abs)        000000
__size_of_EPWM1_Initialize       (abs)        000000
__size_of_EPWM2_Initialize       (abs)        000000
__size_of_I2C_Initialise         (abs)        000000
__size_of_I2C_send_data          (abs)        000000
__size_of_I2C_test               (abs)        000000
__size_of_IdleI2C                (abs)        000000
__size_of_IsOptoL                (abs)        000000
__size_of_IsOptoR                (abs)        000000
__size_of_MCP23008_Initialise    (abs)        000000
__size_of_OSCILLATOR_Initialize  (abs)        000000
__size_of_PIN_MANAGER_Initialize (abs)        000000
__size_of_SYSTEM_Initialize      (abs)        000000
__size_of_StartI2C               (abs)        000000
__size_of_StopI2C                (abs)        000000
__size_of_TMR2_Initialize        (abs)        000000
__size_of_WriteI2C               (abs)        000000
__size_of_diagnostic             (abs)        000000
__size_of_main                   (abs)        000000
__size_of_motor_fwd              (abs)        000000
__smallconst                     smallconst   000000
_adcResult                       bssCOMRAM    000015
_diagnostic                      text2        007F52
_digits                          dataCOMRAM   000001
_intialResult                    bssCOMRAM    000013
_main                            text0        007EB6
_motor_fwd                       text1        007D6C
end_of_initialization            cinit        007DCE
intlevel0                        text         000000
intlevel1                        text         000000
intlevel2                        text         000000
intlevel3                        text         000000
motor_fwd@STAT                   cstackCOMRAM 000018
motor_fwd@dir                    cstackCOMRAM 000019
motor_fwd@spd                    cstackCOMRAM 000017
stackhi                          (abs)        0005FF
stacklo                          (abs)        000060
start                            init         000000
start_initialization             cinit        007DA2


FUNCTION INFORMATION:

 *************** function _main *****************
 Defined at:
		line 57 in file "main.c"
 Parameters:    Size  Location     Type
		None
 Auto vars:     Size  Location     Type
		None
 Return value:  Size  Location     Type
                  1    wreg      void 
 Registers used:
		wreg, fsr2l, fsr2h, status,2, status,0, cstack
 Tracked objects:
		On entry : 
		On exit  : 
		Unchanged: 
 Data sizes:     COMRAM   BANK0   BANK1   BANK2   BANK3   BANK4   BANK5
      Params:         0       0       0       0       0       0       0
      Locals:         0       0       0       0       0       0       0
      Temps:          0       0       0       0       0       0       0
      Totals:         0       0       0       0       0       0       0
Total ram usage:        0 bytes
 Hardware stack levels required when called:    3
 This function calls:
		_I2C_Initialise
		_I2C_test
		_IsOptoL
		_IsOptoR
		_MCP23008_Initialise
		_SYSTEM_Initialize
		_diagnostic
		_motor_fwd
 This function is called by:
		Startup code after reset
 This function uses a non-reentrant model


 *************** function _motor_fwd *****************
 Defined at:
		line 108 in file "main.c"
 Parameters:    Size  Location     Type
  dir             1    wreg     unsigned char 
  spd             1    0[COMRAM] unsigned char 
  STAT            1    1[COMRAM] _Bool 
 Auto vars:     Size  Location     Type
  dir             1    2[COMRAM] unsigned char 
 Return value:  Size  Location     Type
                  1    wreg      void 
 Registers used:
		wreg, status,2, status,0
 Tracked objects:
		On entry : 
		On exit  : 
		Unchanged: 
 Data sizes:     COMRAM   BANK0   BANK1   BANK2   BANK3   BANK4   BANK5
      Params:         2       0       0       0       0       0       0
      Locals:         1       0       0       0       0       0       0
      Temps:          0       0       0       0       0       0       0
      Totals:         3       0       0       0       0       0       0
Total ram usage:        3 bytes
 Hardware stack levels used:    1
 This function calls:
		Nothing
 This function is called by:
		_main
 This function uses a non-reentrant model


 *************** function _diagnostic *****************
 Defined at:
		line 99 in file "main.c"
 Parameters:    Size  Location     Type
		None
 Auto vars:     Size  Location     Type
		None
 Return value:  Size  Location     Type
                  1    wreg      void 
 Registers used:
		wreg, status,2, status,0
 Tracked objects:
		On entry : 
		On exit  : 
		Unchanged: 
 Data sizes:     COMRAM   BANK0   BANK1   BANK2   BANK3   BANK4   BANK5
      Params:         0       0       0       0       0       0       0
      Locals:         0       0       0       0       0       0       0
      Temps:          2       0       0       0       0       0       0
      Totals:         2       0       0       0       0       0       0
Total ram usage:        2 bytes
 Hardware stack levels used:    1
 This function calls:
		Nothing
 This function is called by:
		_main
 This function uses a non-reentrant model


 *************** function _SYSTEM_Initialize *****************
 Defined at:
		line 50 in file "mcc_generated_files/mcc.c"
 Parameters:    Size  Location     Type
		None
 Auto vars:     Size  Location     Type
		None
 Return value:  Size  Location     Type
                  1    wreg      void 
 Registers used:
		wreg, status,2, cstack
 Tracked objects:
		On entry : 
		On exit  : 
		Unchanged: 
 Data sizes:     COMRAM   BANK0   BANK1   BANK2   BANK3   BANK4   BANK5
      Params:         0       0       0       0       0       0       0
      Locals:         0       0       0       0       0       0       0
      Temps:          0       0       0       0       0       0       0
      Totals:         0       0       0       0       0       0       0
Total ram usage:        0 bytes
 Hardware stack levels used:    1
 Hardware stack levels required when called:    1
 This function calls:
		_ADC_Initialize
		_EPWM1_Initialize
		_EPWM2_Initialize
		_OSCILLATOR_Initialize
		_PIN_MANAGER_Initialize
		_TMR2_Initialize
 This function is called by:
		_main
 This function uses a non-reentrant model


 *************** function _TMR2_Initialize *****************
 Defined at:
		line 62 in file "mcc_generated_files/tmr2.c"
 Parameters:    Size  Location     Type
		None
 Auto vars:     Size  Location     Type
		None
 Return value:  Size  Location     Type
                  1    wreg      void 
 Registers used:
		wreg, status,2
 Tracked objects:
		On entry : 
		On exit  : 
		Unchanged: 
 Data sizes:     COMRAM   BANK0   BANK1   BANK2   BANK3   BANK4   BANK5
      Params:         0       0       0       0       0       0       0
      Locals:         0       0       0       0       0       0       0
      Temps:          0       0       0       0       0       0       0
      Totals:         0       0       0       0       0       0       0
Total ram usage:        0 bytes
 Hardware stack levels used:    1
 This function calls:
		Nothing
 This function is called by:
		_SYSTEM_Initialize
 This function uses a non-reentrant model


 *************** function _PIN_MANAGER_Initialize *****************
 Defined at:
		line 55 in file "mcc_generated_files/pin_manager.c"
 Parameters:    Size  Location     Type
		None
 Auto vars:     Size  Location     Type
		None
 Return value:  Size  Location     Type
                  1    wreg      void 
 Registers used:
		wreg, status,2
 Tracked objects:
		On entry : 
		On exit  : 
		Unchanged: 
 Data sizes:     COMRAM   BANK0   BANK1   BANK2   BANK3   BANK4   BANK5
      Params:         0       0       0       0       0       0       0
      Locals:         0       0       0       0       0       0       0
      Temps:          0       0       0       0       0       0       0
      Totals:         0       0       0       0       0       0       0
Total ram usage:        0 bytes
 Hardware stack levels used:    1
 This function calls:
		Nothing
 This function is called by:
		_SYSTEM_Initialize
 This function uses a non-reentrant model


 *************** function _OSCILLATOR_Initialize *****************
 Defined at:
		line 61 in file "mcc_generated_files/mcc.c"
 Parameters:    Size  Location     Type
		None
 Auto vars:     Size  Location     Type
		None
 Return value:  Size  Location     Type
                  1    wreg      void 
 Registers used:
		wreg, status,2
 Tracked objects:
		On entry : 
		On exit  : 
		Unchanged: 
 Data sizes:     COMRAM   BANK0   BANK1   BANK2   BANK3   BANK4   BANK5
      Params:         0       0       0       0       0       0       0
      Locals:         0       0       0       0       0       0       0
      Temps:          0       0       0       0       0       0       0
      Totals:         0       0       0       0       0       0       0
Total ram usage:        0 bytes
 Hardware stack levels used:    1
 This function calls:
		Nothing
 This function is called by:
		_SYSTEM_Initialize
 This function uses a non-reentrant model


 *************** function _EPWM2_Initialize *****************
 Defined at:
		line 64 in file "mcc_generated_files/epwm2.c"
 Parameters:    Size  Location     Type
		None
 Auto vars:     Size  Location     Type
		None
 Return value:  Size  Location     Type
                  1    wreg      void 
 Registers used:
		wreg, status,2
 Tracked objects:
		On entry : 
		On exit  : 
		Unchanged: 
 Data sizes:     COMRAM   BANK0   BANK1   BANK2   BANK3   BANK4   BANK5
      Params:         0       0       0       0       0       0       0
      Locals:         0       0       0       0       0       0       0
      Temps:          0       0       0       0       0       0       0
      Totals:         0       0       0       0       0       0       0
Total ram usage:        0 bytes
 Hardware stack levels used:    1
 This function calls:
		Nothing
 This function is called by:
		_SYSTEM_Initialize
 This function uses a non-reentrant model


 *************** function _EPWM1_Initialize *****************
 Defined at:
		line 64 in file "mcc_generated_files/epwm1.c"
 Parameters:    Size  Location     Type
		None
 Auto vars:     Size  Location     Type
		None
 Return value:  Size  Location     Type
                  1    wreg      void 
 Registers used:
		wreg, status,2
 Tracked objects:
		On entry : 
		On exit  : 
		Unchanged: 
 Data sizes:     COMRAM   BANK0   BANK1   BANK2   BANK3   BANK4   BANK5
      Params:         0       0       0       0       0       0       0
      Locals:         0       0       0       0       0       0       0
      Temps:          0       0       0       0       0       0       0
      Totals:         0       0       0       0       0       0       0
Total ram usage:        0 bytes
 Hardware stack levels used:    1
 This function calls:
		Nothing
 This function is called by:
		_SYSTEM_Initialize
 This function uses a non-reentrant model


 *************** function _ADC_Initialize *****************
 Defined at:
		line 62 in file "mcc_generated_files/adc.c"
 Parameters:    Size  Location     Type
		None
 Auto vars:     Size  Location     Type
		None
 Return value:  Size  Location     Type
                  1    wreg      void 
 Registers used:
		wreg, status,2
 Tracked objects:
		On entry : 
		On exit  : 
		Unchanged: 
 Data sizes:     COMRAM   BANK0   BANK1   BANK2   BANK3   BANK4   BANK5
      Params:         0       0       0       0       0       0       0
      Locals:         0       0       0       0       0       0       0
      Temps:          0       0       0       0       0       0       0
      Totals:         0       0       0       0       0       0       0
Total ram usage:        0 bytes
 Hardware stack levels used:    1
 This function calls:
		Nothing
 This function is called by:
		_SYSTEM_Initialize
 This function uses a non-reentrant model


 *************** function _MCP23008_Initialise *****************
 Defined at:
		line 146 in file "main.c"
 Parameters:    Size  Location     Type
		None
 Auto vars:     Size  Location     Type
		None
 Return value:  Size  Location     Type
                  1    wreg      void 
 Registers used:
		wreg, status,2, status,0, cstack
 Tracked objects:
		On entry : 
		On exit  : 
		Unchanged: 
 Data sizes:     COMRAM   BANK0   BANK1   BANK2   BANK3   BANK4   BANK5
      Params:         0       0       0       0       0       0       0
      Locals:         0       0       0       0       0       0       0
      Temps:          0       0       0       0       0       0       0
      Totals:         0       0       0       0       0       0       0
Total ram usage:        0 bytes
 Hardware stack levels used:    1
 Hardware stack levels required when called:    2
 This function calls:
		_I2C_send_data
		_IdleI2C
 This function is called by:
		_main
 This function uses a non-reentrant model


 *************** function _IsOptoR *****************
 Defined at:
		line 127 in file "main.c"
 Parameters:    Size  Location     Type
		None
 Auto vars:     Size  Location     Type
		None
 Return value:  Size  Location     Type
                  1    wreg      _Bool 
 Registers used:
		wreg
 Tracked objects:
		On entry : 
		On exit  : 
		Unchanged: 
 Data sizes:     COMRAM   BANK0   BANK1   BANK2   BANK3   BANK4   BANK5
      Params:         0       0       0       0       0       0       0
      Locals:         0       0       0       0       0       0       0
      Temps:          0       0       0       0       0       0       0
      Totals:         0       0       0       0       0       0       0
Total ram usage:        0 bytes
 Hardware stack levels used:    1
 This function calls:
		Nothing
 This function is called by:
		_main
 This function uses a non-reentrant model


 *************** function _IsOptoL *****************
 Defined at:
		line 122 in file "main.c"
 Parameters:    Size  Location     Type
		None
 Auto vars:     Size  Location     Type
		None
 Return value:  Size  Location     Type
                  1    wreg      _Bool 
 Registers used:
		wreg
 Tracked objects:
		On entry : 
		On exit  : 
		Unchanged: 
 Data sizes:     COMRAM   BANK0   BANK1   BANK2   BANK3   BANK4   BANK5
      Params:         0       0       0       0       0       0       0
      Locals:         0       0       0       0       0       0       0
      Temps:          0       0       0       0       0       0       0
      Totals:         0       0       0       0       0       0       0
Total ram usage:        0 bytes
 Hardware stack levels used:    1
 This function calls:
		Nothing
 This function is called by:
		_main
 This function uses a non-reentrant model


 *************** function _I2C_test *****************
 Defined at:
		line 196 in file "main.c"
 Parameters:    Size  Location     Type
		None
 Auto vars:     Size  Location     Type
  i               2    6[COMRAM] int 
 Return value:  Size  Location     Type
                  1    wreg      void 
 Registers used:
		wreg, fsr2l, fsr2h, status,2, status,0, cstack
 Tracked objects:
		On entry : 
		On exit  : 
		Unchanged: 
 Data sizes:     COMRAM   BANK0   BANK1   BANK2   BANK3   BANK4   BANK5
      Params:         0       0       0       0       0       0       0
      Locals:         2       0       0       0       0       0       0
      Temps:          2       0       0       0       0       0       0
      Totals:         4       0       0       0       0       0       0
Total ram usage:        4 bytes
 Hardware stack levels used:    1
 Hardware stack levels required when called:    2
 This function calls:
		_I2C_send_data
 This function is called by:
		_main
 This function uses a non-reentrant model


 *************** function _I2C_send_data *****************
 Defined at:
		line 159 in file "main.c"
 Parameters:    Size  Location     Type
  device_addre    1    wreg     unsigned char 
  register_add    1    1[COMRAM] unsigned char 
  register_dat    1    2[COMRAM] unsigned char 
 Auto vars:     Size  Location     Type
  device_addre    1    3[COMRAM] unsigned char 
 Return value:  Size  Location     Type
                  1    wreg      void 
 Registers used:
		wreg, status,2, status,0, cstack
 Tracked objects:
		On entry : 
		On exit  : 
		Unchanged: 
 Data sizes:     COMRAM   BANK0   BANK1   BANK2   BANK3   BANK4   BANK5
      Params:         2       0       0       0       0       0       0
      Locals:         1       0       0       0       0       0       0
      Temps:          0       0       0       0       0       0       0
      Totals:         3       0       0       0       0       0       0
Total ram usage:        3 bytes
 Hardware stack levels used:    1
 Hardware stack levels required when called:    1
 This function calls:
		_IdleI2C
		_StartI2C
		_StopI2C
		_WriteI2C
 This function is called by:
		_MCP23008_Initialise
		_I2C_test
 This function uses a non-reentrant model


 *************** function _WriteI2C *****************
 Defined at:
		line 185 in file "main.c"
 Parameters:    Size  Location     Type
  data            1    wreg     unsigned char 
 Auto vars:     Size  Location     Type
  data            1    0[COMRAM] unsigned char 
 Return value:  Size  Location     Type
                  1    wreg      void 
 Registers used:
		wreg
 Tracked objects:
		On entry : 
		On exit  : 
		Unchanged: 
 Data sizes:     COMRAM   BANK0   BANK1   BANK2   BANK3   BANK4   BANK5
      Params:         0       0       0       0       0       0       0
      Locals:         1       0       0       0       0       0       0
      Temps:          0       0       0       0       0       0       0
      Totals:         1       0       0       0       0       0       0
Total ram usage:        1 bytes
 Hardware stack levels used:    1
 This function calls:
		Nothing
 This function is called by:
		_I2C_send_data
 This function uses a non-reentrant model


 *************** function _StopI2C *****************
 Defined at:
		line 191 in file "main.c"
 Parameters:    Size  Location     Type
		None
 Auto vars:     Size  Location     Type
		None
 Return value:  Size  Location     Type
                  1    wreg      void 
 Registers used:
		None
 Tracked objects:
		On entry : 
		On exit  : 
		Unchanged: 
 Data sizes:     COMRAM   BANK0   BANK1   BANK2   BANK3   BANK4   BANK5
      Params:         0       0       0       0       0       0       0
      Locals:         0       0       0       0       0       0       0
      Temps:          0       0       0       0       0       0       0
      Totals:         0       0       0       0       0       0       0
Total ram usage:        0 bytes
 Hardware stack levels used:    1
 This function calls:
		Nothing
 This function is called by:
		_I2C_send_data
 This function uses a non-reentrant model


 *************** function _StartI2C *****************
 Defined at:
		line 176 in file "main.c"
 Parameters:    Size  Location     Type
		None
 Auto vars:     Size  Location     Type
		None
 Return value:  Size  Location     Type
                  1    wreg      void 
 Registers used:
		wreg, status,2, status,0
 Tracked objects:
		On entry : 
		On exit  : 
		Unchanged: 
 Data sizes:     COMRAM   BANK0   BANK1   BANK2   BANK3   BANK4   BANK5
      Params:         0       0       0       0       0       0       0
      Locals:         0       0       0       0       0       0       0
      Temps:          1       0       0       0       0       0       0
      Totals:         1       0       0       0       0       0       0
Total ram usage:        1 bytes
 Hardware stack levels used:    1
 This function calls:
		Nothing
 This function is called by:
		_I2C_send_data
 This function uses a non-reentrant model


 *************** function _IdleI2C *****************
 Defined at:
		line 171 in file "main.c"
 Parameters:    Size  Location     Type
		None
 Auto vars:     Size  Location     Type
		None
 Return value:  Size  Location     Type
                  1    wreg      void 
 Registers used:
		wreg, status,2, status,0
 Tracked objects:
		On entry : 
		On exit  : 
		Unchanged: 
 Data sizes:     COMRAM   BANK0   BANK1   BANK2   BANK3   BANK4   BANK5
      Params:         0       0       0       0       0       0       0
      Locals:         0       0       0       0       0       0       0
      Temps:          1       0       0       0       0       0       0
      Totals:         1       0       0       0       0       0       0
Total ram usage:        1 bytes
 Hardware stack levels used:    1
 This function calls:
		Nothing
 This function is called by:
		_MCP23008_Initialise
		_I2C_send_data
 This function uses a non-reentrant model


 *************** function _I2C_Initialise *****************
 Defined at:
		line 137 in file "main.c"
 Parameters:    Size  Location     Type
		None
 Auto vars:     Size  Location     Type
		None
 Return value:  Size  Location     Type
                  1    wreg      void 
 Registers used:
		wreg, status,2
 Tracked objects:
		On entry : 
		On exit  : 
		Unchanged: 
 Data sizes:     COMRAM   BANK0   BANK1   BANK2   BANK3   BANK4   BANK5
      Params:         0       0       0       0       0       0       0
      Locals:         0       0       0       0       0       0       0
      Temps:          0       0       0       0       0       0       0
      Totals:         0       0       0       0       0       0       0
Total ram usage:        0 bytes
 Hardware stack levels used:    1
 This function calls:
		Nothing
 This function is called by:
		_main
 This function uses a non-reentrant model



MODULE INFORMATION

Module		Function		Class		Link	Load	Size
mcc_generated_files/tmr2.c
		_TMR2_Initialize		CODE           	7BF2	0000	14

mcc_generated_files/tmr2.c estimated size: 14

mcc_generated_files/epwm2.c
		_EPWM2_Initialize		CODE           	7CA4	0000	32

mcc_generated_files/epwm2.c estimated size: 32

mcc_generated_files/pin_manager.c
		_PIN_MANAGER_Initialize		CODE           	7D40	0000	44

mcc_generated_files/pin_manager.c estimated size: 44

mcc_generated_files/adc.c
		_ADC_Initialize		CODE           	7C54	0000	22

mcc_generated_files/adc.c estimated size: 22

shared
		__initialization		CODE           	7DA2	0000	44

shared estimated size: 44

mcc_generated_files/mcc.c
		_OSCILLATOR_Initialize		CODE           	7BE4	0000	14
		_SYSTEM_Initialize		CODE           	7C6A	0000	26

mcc_generated_files/mcc.c estimated size: 40

mcc_generated_files/epwm1.c
		_EPWM1_Initialize		CODE           	7C84	0000	32

mcc_generated_files/epwm1.c estimated size: 32

main.c
		_IdleI2C       		CODE           	7CC4	0000	38
		_main          		CODE           	7EB6	0000	156
		_I2C_send_data 		CODE           	7CEA	0000	42
		_MCP23008_Initialise		CODE           	7DD8	0000	88
		_motor_fwd     		CODE           	7D6C	0000	54
		_diagnostic    		CODE           	7F52	0000	174
		_StopI2C       		CODE           	7BD4	0000	4
		_IsOptoL       		CODE           	7C00	0000	20
		_I2C_test      		CODE           	7E30	0000	134
		_WriteI2C      		CODE           	7C3E	0000	22
		_StartI2C      		CODE           	7D14	0000	44
		_I2C_Initialise		CODE           	7C28	0000	22
		_IsOptoR       		CODE           	7C14	0000	20

main.c estimated size: 818

