Microchip MPLAB XC8 Compiler V2.30

Linker command line:

-W-3 --edf=C:\Program Files\Microchip\xc8\v2.30\pic\dat\en_msgs.txt -cn \
  -h+dist/default/debug\FINALFINALDERBOT.debug.sym \
  --cmf=dist/default/debug\FINALFINALDERBOT.debug.cmf -z -Q18F25K22 \
  -oC:\Users\charl\AppData\Local\Temp\sbbcx2 --defsym=__MPLAB_BUILD=1 \
  -Mdist/default/debug/FINALFINALDERBOT.debug.map -E1 -ver=XC8 Compiler \
  --acfsm=1493 -ASTACK=060h-05FFh -pstack=STACK -ACODE=00h-07FFFh \
  -ACONST=00h-07FFFh -ASMALLCONST=0600h-06FFhx122 \
  -AMEDIUMCONST=0600h-07FFFh -ACOMRAM=01h-05Fh -AABS1=00h-05FFh \
  -ABIGRAM=01h-05FFh -ARAM=060h-0FFh,0100h-01FFhx5 -ABANK0=060h-0FFh \
  -ABANK1=0100h-01FFh -ABANK2=0200h-02FFh -ABANK3=0300h-03FFh \
  -ABANK4=0400h-04FFh -ABANK5=0500h-05FFh -ASFR=0F38h-0F5Fh,0F60h-0FFFh \
  -ACONFIG=0300000h-030000Dh -AIDLOC=0200000h-0200007h \
  -AEEDATA=0F00000h-0F000FFh -peeprom_data=EEDATA \
  -preset_vec=00h,intcode,intcodelo,powerup,init -pramtop=0600h \
  -psmallconst=SMALLCONST -pmediumconst=MEDIUMCONST -pconst=CONST \
  -AFARRAM=00h-00h \
  -prdata=COMRAM,nvrram=COMRAM,nvbit=COMRAM,rbss=COMRAM,rbit=COMRAM \
  -pfarbss=FARRAM,fardata=FARRAM,nvFARRAM=FARRAM \
  -pintsave_regs=BIGRAM,bigbss=BIGRAM,bigdata=BIGRAM -pbss=RAM \
  -pidata=CODE,irdata=CODE,ibigdata=CODE,ifardata=CODE -prparam=COMRAM \
  C:\Users\charl\AppData\Local\Temp\sbbcx8.o \
  dist/default/debug\FINALFINALDERBOT.debug.o 

Object code version is 3.11

Machine type is 18F25K22



                Name                               Link     Load   Length Selector   Space Scale
C:\Users\charl\AppData\Local\Temp\sbbcx8.o
                idloc                            200000   200000        8        0       5
                config                           300000   300000        E        0       4
                init                                  0        0        4        0       0
dist/default/debug\FINALFINALDERBOT.debug.o
                idloc                            200000   200000        8        0       5
                config                           300000   300000        E        0       4
                text24                             7A66     7A66       26     3D33       0
                text23                             7B08     7B08       2C     3D84       0
                text22                             792A     792A        4     3C95       0
                text21                             79AA     79AA       16     3CD5       0
                text20                             7AB4     7AB4       2A     3D5A       0
                text19                             7C26     7C26       AA     3E13       0
                text18                             79C0     79C0       16     3CE0       0
                text17                             795A     795A       14     3CAD       0
                text16                             796E     796E       14     3CB7       0
                text15                             7982     7982       14     3CC1       0
                text14                             7996     7996       14     3CCB       0
                text13                             7BCE     7BCE       58     3DE7       0
                text12                             79D6     79D6       16     3CEB       0
                text11                             7A06     7A06       20     3D03       0
                text10                             7A26     7A26       20     3D13       0
                text9                              792E     792E        E     3C97       0
                text8                              7B34     7B34       2E     3D9A       0
                text7                              793C     793C        E     3C9E       0
                text6                              79EC     79EC       1A     3CF6       0
                text5                              7CD0     7CD0       AE     3E68       0
                text4                              7A46     7A46       20     3D23       0
                text3                              7A8C     7A8C       28     3D46       0
                text2                              7B62     7B62       36     3DB1       0
                text1                              7ADE     7ADE       2A     3D6F       0
                text0                              7D7E     7D7E      282     3EBF       0
                cstackCOMRAM                         23       23        8        1       1
                dataCOMRAM                           13       13       10        1       1
                bssCOMRAM                             1        1       12        1       1
                cinit                              7B98     7B98       36     3DCC       0
                idataCOMRAM                        794A     794A       10     794A       0

TOTAL           Name                               Link     Load   Length     Space
        CLASS   STACK          

        CLASS   CODE           
                init                                  0        0        4         0
                text24                             7A66     7A66       26         0
                text23                             7B08     7B08       2C         0
                text22                             792A     792A        4         0
                text21                             79AA     79AA       16         0
                text20                             7AB4     7AB4       2A         0
                text19                             7C26     7C26       AA         0
                text18                             79C0     79C0       16         0
                text17                             795A     795A       14         0
                text16                             796E     796E       14         0
                text15                             7982     7982       14         0
                text14                             7996     7996       14         0
                text13                             7BCE     7BCE       58         0
                text12                             79D6     79D6       16         0
                text11                             7A06     7A06       20         0
                text10                             7A26     7A26       20         0
                text9                              792E     792E        E         0
                text8                              7B34     7B34       2E         0
                text7                              793C     793C        E         0
                text6                              79EC     79EC       1A         0
                text5                              7CD0     7CD0       AE         0
                text4                              7A46     7A46       20         0
                text3                              7A8C     7A8C       28         0
                text2                              7B62     7B62       36         0
                text1                              7ADE     7ADE       2A         0
                text0                              7D7E     7D7E      282         0
                cinit                              7B98     7B98       36         0
                idataCOMRAM                        794A     794A       10         0

        CLASS   CONST          

        CLASS   SMALLCONST     

        CLASS   MEDIUMCONST    

        CLASS   COMRAM         
                cstackCOMRAM                         23       23        8         1
                dataCOMRAM                           13       13       10         1
                bssCOMRAM                             1        1       12         1

        CLASS   ABS1           

        CLASS   BIGRAM         

        CLASS   RAM            

        CLASS   BANK0          

        CLASS   BANK1          

        CLASS   BANK2          

        CLASS   BANK3          

        CLASS   BANK4          

        CLASS   BANK5          

        CLASS   SFR            

        CLASS   CONFIG         
                config                           300000   300000        E         4

        CLASS   IDLOC          
                idloc                            200000   200000        8         5

        CLASS   EEDATA         

        CLASS   FARRAM         



SEGMENTS        Name                           Load    Length   Top    Selector   Space  Class

                reset_vec                      000000  000004  000004         0       0  CODE    
                bssCOMRAM                      000001  00002A  00002B         1       1  COMRAM  
                text22                         00792A  000004  00792E      3C95       0  CODE    
                text9                          00792E  00000E  00793C      3C97       0  CODE    
                text7                          00793C  00000E  00794A      3C9E       0  CODE    
                idataCOMRAM                    00794A  000010  00795A      794A       0  CODE    
                text17                         00795A  000014  00796E      3CAD       0  CODE    
                text16                         00796E  000014  007982      3CB7       0  CODE    
                text15                         007982  000014  007996      3CC1       0  CODE    
                text14                         007996  000014  0079AA      3CCB       0  CODE    
                text21                         0079AA  000016  0079C0      3CD5       0  CODE    
                text18                         0079C0  000016  0079D6      3CE0       0  CODE    
                text12                         0079D6  000016  0079EC      3CEB       0  CODE    
                text6                          0079EC  00001A  007A06      3CF6       0  CODE    
                text11                         007A06  000020  007A26      3D03       0  CODE    
                text10                         007A26  000020  007A46      3D13       0  CODE    
                text4                          007A46  000020  007A66      3D23       0  CODE    
                text24                         007A66  000026  007A8C      3D33       0  CODE    
                text3                          007A8C  000028  007AB4      3D46       0  CODE    
                text20                         007AB4  00002A  007ADE      3D5A       0  CODE    
                text1                          007ADE  00002A  007B08      3D6F       0  CODE    
                text23                         007B08  00002C  007B34      3D84       0  CODE    
                text8                          007B34  00002E  007B62      3D9A       0  CODE    
                text2                          007B62  000036  007B98      3DB1       0  CODE    
                cinit                          007B98  000036  007BCE      3DCC       0  CODE    
                text13                         007BCE  000058  007C26      3DE7       0  CODE    
                text19                         007C26  0000AA  007CD0      3E13       0  CODE    
                text5                          007CD0  0000AE  007D7E      3E68       0  CODE    
                text0                          007D7E  000282  008000      3EBF       0  CODE    


UNUSED ADDRESS RANGES

        Name                Unused          Largest block    Delta
        BANK0            000060-0000FF               A0
        BANK1            000100-0001FF              100
        BANK2            000200-0002FF              100
        BANK3            000300-0003FF              100
        BANK4            000400-0004FF              100
        BANK5            000500-0005FF              100
        BIGRAM           00002B-0005FF              5D5
        CODE             000004-007929             7926
        COMRAM           00002B-00005F               35
        CONST            000004-007929             7926
        EEDATA           F00000-F000FF              100
        MEDIUMCONST      000600-007929             732A
        RAM              000060-0005FF              100
        SFR              000F38-000FFF               28
        SMALLCONST       000600-007929              100
        STACK            000060-0005FF              5A0

                                  Symbol Table

I2C_send_data@device_address     cstackCOMRAM 000026
I2C_send_data@register_address   cstackCOMRAM 000024
I2C_send_data@register_data      cstackCOMRAM 000025
WriteI2C@data                    cstackCOMRAM 000023
_ADCON0                          (abs)        000FC2
_ADCON0bits                      (abs)        000FC2
_ADCON1                          (abs)        000FC1
_ADCON2                          (abs)        000FC0
_ADC_Initialize                  text12       0079D6
_ADC_InterruptHandler            bssCOMRAM    000011
_ADRESH                          (abs)        000FC4
_ADRESL                          (abs)        000FC3
_ANSELA                          (abs)        000F38
_ANSELB                          (abs)        000F39
_ANSELC                          (abs)        000F3A
_CCP1CON                         (abs)        000FBD
_CCP2CON                         (abs)        000F66
_CCPR1H                          (abs)        000FBF
_CCPR1L                          (abs)        000FBE
_CCPR2H                          (abs)        000F68
_CCPR2L                          (abs)        000F67
_CCPTMRS0bits                    (abs)        000F49
_ECCP1AS                         (abs)        000FB6
_ECCP2AS                         (abs)        000F64
_EPWM1_Initialize                text11       007A06
_EPWM2_Initialize                text10       007A26
_I2C                             text19       007C26
_I2C_Initialise                  text18       0079C0
_I2C_send_data                   text20       007AB4
_INTCON2bits                     (abs)        000FF1
_INTCONbits                      (abs)        000FF2
_IdleI2C                         text24       007A66
_IsBumperL                       text17       00795A
_IsBumperR                       text16       00796E
_IsOptoL                         text15       007982
_IsOptoR                         text14       007996
_LATA                            (abs)        000F89
_LATB                            (abs)        000F8A
_LATC                            (abs)        000F8B
_LATCbits                        (abs)        000F8B
_LDRVAL                          dataCOMRAM   000021
_Lit                             bssCOMRAM    000007
_MCP23008_Initialise             text13       007BCE
_OSCCON                          (abs)        000FD3
_OSCCON2                         (abs)        000FD2
_OSCILLATOR_Initialize           text9        00792E
_OSCTUNE                         (abs)        000F9B
_PIN_MANAGER_Initialize          text8        007B34
_PIR1bits                        (abs)        000F9E
_PORTAbits                       (abs)        000F80
_PORTBbits                       (abs)        000F81
_PR2                             (abs)        000FBB
_PSTR1CON                        (abs)        000FB9
_PSTR2CON                        (abs)        000F63
_PWM1CON                         (abs)        000FB7
_PWM2CON                         (abs)        000F65
_SSP1ADD                         (abs)        000FC8
_SSP1BUF                         (abs)        000FC9
_SSP1CON1                        (abs)        000FC6
_SSP1CON2                        (abs)        000FC5
_SSP1CON2bits                    (abs)        000FC5
_SSP1CON3                        (abs)        000FCB
_SSP1STAT                        (abs)        000FC7
_SSP1STATbits                    (abs)        000FC7
_SYSTEM_Initialize               text6        0079EC
_StartI2C                        text23       007B08
_StopI2C                         text22       00792A
_T2CON                           (abs)        000FBA
_T2CONbits                       (abs)        000FBA
_TMR2                            (abs)        000FBC
_TMR2_Initialize                 text7        00793C
_TRISA                           (abs)        000F92
_TRISB                           (abs)        000F93
_TRISC                           (abs)        000F94
_UnLit                           bssCOMRAM    000009
_WPUB                            (abs)        000F61
_WriteI2C                        text21       0079AA
__HRAM                           (abs)        000000
__Habs1                          abs1         000000
__Hbank0                         bank0        000000
__Hbank1                         bank1        000000
__Hbank2                         bank2        000000
__Hbank3                         bank3        000000
__Hbank4                         bank4        000000
__Hbank5                         bank5        000000
__Hbigbss                        bigbss       000000
__Hbigdata                       bigdata      000000
__Hbigram                        bigram       000000
__Hbss                           bss          000000
__HbssCOMRAM                     bssCOMRAM    000000
__Hcinit                         cinit        000000
__Hclrtext                       clrtext      000000
__Hcomram                        comram       000000
__Hconfig                        config       30000E
__Hconst                         const        000000
__HcstackCOMRAM                  cstackCOMRAM 000000
__Hdata                          data         000000
__HdataCOMRAM                    dataCOMRAM   000000
__Heeprom_data                   eeprom_data  000000
__Hfarbss                        farbss       000000
__Hfardata                       fardata      000000
__Hibigdata                      ibigdata     000000
__Hidata                         idata        000000
__HidataCOMRAM                   idataCOMRAM  000000
__Hidloc                         idloc        200008
__Hifardata                      ifardata     000000
__Hinit                          init         000004
__Hintcode                       intcode      000000
__Hintcode_body                  intcode_body 000000
__Hintcodelo                     intcodelo    000000
__Hintentry                      intentry     000000
__Hintret                        intret       000000
__Hintsave_regs                  intsave_regs 000000
__Hirdata                        irdata       000000
__Hmediumconst                   mediumconst  000000
__HnvFARRAM                      nvFARRAM     000000
__Hnvbit                         nvbit        000000
__Hnvrram                        nvrram       000000
__Hparam                         rparam       000000
__Hpowerup                       powerup      000000
__Hram                           ram          000000
__Hramtop                        ramtop       000600
__Hrbit                          rbit         000000
__Hrbss                          rbss         000000
__Hrdata                         rdata        000000
__Hreset_vec                     reset_vec    000000
__Hrparam                        rparam       000000
__Hsfr                           sfr          000000
__Hsmallconst                    smallconst   000000
__Hspace_0                       (abs)        008000
__Hspace_1                       (abs)        00002B
__Hspace_2                       (abs)        000000
__Hspace_4                       (abs)        60000E
__Hstack                         stack        000000
__Hstruct                        struct       000000
__Htemp                          temp         000000
__Htext                          text         000000
__Htext0                         text0        000000
__Htext1                         text1        000000
__Htext10                        text10       000000
__Htext11                        text11       000000
__Htext12                        text12       000000
__Htext13                        text13       000000
__Htext14                        text14       000000
__Htext15                        text15       000000
__Htext16                        text16       000000
__Htext17                        text17       000000
__Htext18                        text18       000000
__Htext19                        text19       000000
__Htext2                         text2        000000
__Htext20                        text20       000000
__Htext21                        text21       000000
__Htext22                        text22       000000
__Htext23                        text23       000000
__Htext24                        text24       000000
__Htext3                         text3        000000
__Htext4                         text4        000000
__Htext5                         text5        000000
__Htext6                         text6        000000
__Htext7                         text7        000000
__Htext8                         text8        000000
__Htext9                         text9        000000
__LRAM                           (abs)        000001
__Labs1                          abs1         000000
__Lbank0                         bank0        000000
__Lbank1                         bank1        000000
__Lbank2                         bank2        000000
__Lbank3                         bank3        000000
__Lbank4                         bank4        000000
__Lbank5                         bank5        000000
__Lbigbss                        bigbss       000000
__Lbigdata                       bigdata      000000
__Lbigram                        bigram       000000
__Lbss                           bss          000000
__LbssCOMRAM                     bssCOMRAM    000000
__Lcinit                         cinit        000000
__Lclrtext                       clrtext      000000
__Lcomram                        comram       000000
__Lconfig                        config       000000
__Lconst                         const        000000
__LcstackCOMRAM                  cstackCOMRAM 000000
__Ldata                          data         000000
__LdataCOMRAM                    dataCOMRAM   000000
__Leeprom_data                   eeprom_data  000000
__Lfarbss                        farbss       000000
__Lfardata                       fardata      000000
__Libigdata                      ibigdata     000000
__Lidata                         idata        000000
__LidataCOMRAM                   idataCOMRAM  000000
__Lidloc                         idloc        000000
__Lifardata                      ifardata     000000
__Linit                          init         000000
__Lintcode                       intcode      000000
__Lintcode_body                  intcode_body 000000
__Lintcodelo                     intcodelo    000000
__Lintentry                      intentry     000000
__Lintret                        intret       000000
__Lintsave_regs                  intsave_regs 000000
__Lirdata                        irdata       000000
__Lmediumconst                   mediumconst  000000
__LnvFARRAM                      nvFARRAM     000000
__Lnvbit                         nvbit        000000
__Lnvrram                        nvrram       000000
__Lparam                         rparam       000000
__Lpowerup                       powerup      000000
__Lram                           ram          000000
__Lramtop                        ramtop       000600
__Lrbit                          rbit         000000
__Lrbss                          rbss         000000
__Lrdata                         rdata        000000
__Lreset_vec                     reset_vec    000000
__Lrparam                        rparam       000000
__Lsfr                           sfr          000000
__Lsmallconst                    smallconst   000000
__Lspace_0                       (abs)        000000
__Lspace_1                       (abs)        000000
__Lspace_2                       (abs)        000000
__Lspace_4                       (abs)        000000
__Lstack                         stack        000000
__Lstruct                        struct       000000
__Ltemp                          temp         000000
__Ltext                          text         000000
__Ltext0                         text0        000000
__Ltext1                         text1        000000
__Ltext10                        text10       000000
__Ltext11                        text11       000000
__Ltext12                        text12       000000
__Ltext13                        text13       000000
__Ltext14                        text14       000000
__Ltext15                        text15       000000
__Ltext16                        text16       000000
__Ltext17                        text17       000000
__Ltext18                        text18       000000
__Ltext19                        text19       000000
__Ltext2                         text2        000000
__Ltext20                        text20       000000
__Ltext21                        text21       000000
__Ltext22                        text22       000000
__Ltext23                        text23       000000
__Ltext24                        text24       000000
__Ltext3                         text3        000000
__Ltext4                         text4        000000
__Ltext5                         text5        000000
__Ltext6                         text6        000000
__Ltext7                         text7        000000
__Ltext8                         text8        000000
__Ltext9                         text9        000000
__S0                             (abs)        008000
__S1                             (abs)        00002B
__S2                             (abs)        000000
__S4                             (abs)        000000
__S5                             (abs)        000000
___inthi_sp                      stack        000000
___intlo_sp                      stack        000000
___param_bank                    (abs)        000000
___rparam_used                   (abs)        000001
___sp                            stack        000000
__accesstop                      (abs)        000060
__activetblptr                   (abs)        000002
__end_of_ADC_Initialize          text12       0079EC
__end_of_EPWM1_Initialize        text11       007A26
__end_of_EPWM2_Initialize        text10       007A46
__end_of_I2C                     text19       007CD0
__end_of_I2C_Initialise          text18       0079D6
__end_of_I2C_send_data           text20       007ADE
__end_of_IdleI2C                 text24       007A8C
__end_of_IsBumperL               text17       00796E
__end_of_IsBumperR               text16       007982
__end_of_IsOptoL                 text15       007996
__end_of_IsOptoR                 text14       0079AA
__end_of_MCP23008_Initialise     text13       007C26
__end_of_OSCILLATOR_Initialize   text9        00793C
__end_of_PIN_MANAGER_Initialize  text8        007B62
__end_of_SYSTEM_Initialize       text6        007A06
__end_of_StartI2C                text23       007B34
__end_of_StopI2C                 text22       00792E
__end_of_TMR2_Initialize         text7        00794A
__end_of_WriteI2C                text21       0079C0
__end_of__initialization         cinit        007BC4
__end_of_adcFunction             text4        007A66
__end_of_diagnostic              text5        007D7E
__end_of_leftPosition            text3        007AB4
__end_of_main                    text0        008000
__end_of_motor_fwd               text2        007B98
__end_of_rightPosition           text1        007B08
__initialization                 cinit        007B98
__mediumconst                    mediumconst  000000
__pbssCOMRAM                     bssCOMRAM    000001
__pcinit                         cinit        007B98
__pcstackCOMRAM                  cstackCOMRAM 000023
__pdataCOMRAM                    dataCOMRAM   000013
__pidataCOMRAM                   idataCOMRAM  00794A
__ptext0                         text0        007D7E
__ptext1                         text1        007ADE
__ptext10                        text10       007A26
__ptext11                        text11       007A06
__ptext12                        text12       0079D6
__ptext13                        text13       007BCE
__ptext14                        text14       007996
__ptext15                        text15       007982
__ptext16                        text16       00796E
__ptext17                        text17       00795A
__ptext18                        text18       0079C0
__ptext19                        text19       007C26
__ptext2                         text2        007B62
__ptext20                        text20       007AB4
__ptext21                        text21       0079AA
__ptext22                        text22       00792A
__ptext23                        text23       007B08
__ptext24                        text24       007A66
__ptext3                         text3        007A8C
__ptext4                         text4        007A46
__ptext5                         text5        007CD0
__ptext6                         text6        0079EC
__ptext7                         text7        00793C
__ptext8                         text8        007B34
__ptext9                         text9        00792E
__ramtop                         ramtop       000600
__size_of_ADC_Initialize         (abs)        000000
__size_of_EPWM1_Initialize       (abs)        000000
__size_of_EPWM2_Initialize       (abs)        000000
__size_of_I2C                    (abs)        000000
__size_of_I2C_Initialise         (abs)        000000
__size_of_I2C_send_data          (abs)        000000
__size_of_IdleI2C                (abs)        000000
__size_of_IsBumperL              (abs)        000000
__size_of_IsBumperR              (abs)        000000
__size_of_IsOptoL                (abs)        000000
__size_of_IsOptoR                (abs)        000000
__size_of_MCP23008_Initialise    (abs)        000000
__size_of_OSCILLATOR_Initialize  (abs)        000000
__size_of_PIN_MANAGER_Initialize (abs)        000000
__size_of_SYSTEM_Initialize      (abs)        000000
__size_of_StartI2C               (abs)        000000
__size_of_StopI2C                (abs)        000000
__size_of_TMR2_Initialize        (abs)        000000
__size_of_WriteI2C               (abs)        000000
__size_of_adcFunction            (abs)        000000
__size_of_diagnostic             (abs)        000000
__size_of_leftPosition           (abs)        000000
__size_of_main                   (abs)        000000
__size_of_motor_fwd              (abs)        000000
__size_of_rightPosition          (abs)        000000
__smallconst                     smallconst   000000
_adcFunction                     text4        007A46
_adcResult                       bssCOMRAM    00000F
_debounceTime                    dataCOMRAM   00001F
_diagnostic                      text5        007CD0
_digits                          dataCOMRAM   000013
_intialResult                    bssCOMRAM    00000D
_leftPosition                    text3        007A8C
_main                            text0        007D7E
_motor_fwd                       text2        007B62
_positionHolder                  bssCOMRAM    000005
_rightPosition                   text1        007ADE
_time                            bssCOMRAM    000001
_time1                           bssCOMRAM    00000B
end_of_initialization            cinit        007BC4
intlevel0                        text         000000
intlevel1                        text         000000
intlevel2                        text         000000
intlevel3                        text         000000
motor_fwd@STAT                   cstackCOMRAM 000024
motor_fwd@dir                    cstackCOMRAM 000025
motor_fwd@spd                    cstackCOMRAM 000023
stackhi                          (abs)        0005FF
stacklo                          (abs)        000060
start                            init         000000
start_initialization             cinit        007B98


FUNCTION INFORMATION:

 *************** function _main *****************
 Defined at:
		line 66 in file "main.c"
 Parameters:    Size  Location     Type
		None
 Auto vars:     Size  Location     Type
		None
 Return value:  Size  Location     Type
                  1    wreg      void 
 Registers used:
		wreg, fsr2l, fsr2h, status,2, status,0, cstack
 Tracked objects:
		On entry : 
		On exit  : 
		Unchanged: 
 Data sizes:     COMRAM   BANK0   BANK1   BANK2   BANK3   BANK4   BANK5
      Params:         0       0       0       0       0       0       0
      Locals:         0       0       0       0       0       0       0
      Temps:          2       0       0       0       0       0       0
      Totals:         2       0       0       0       0       0       0
Total ram usage:        2 bytes
 Hardware stack levels required when called:    3
 This function calls:
		_I2C
		_I2C_Initialise
		_IsBumperL
		_IsBumperR
		_IsOptoL
		_IsOptoR
		_MCP23008_Initialise
		_SYSTEM_Initialize
		_adcFunction
		_diagnostic
		_leftPosition
		_motor_fwd
		_rightPosition
 This function is called by:
		Startup code after reset
 This function uses a non-reentrant model


 *************** function _rightPosition *****************
 Defined at:
		line 278 in file "main.c"
 Parameters:    Size  Location     Type
		None
 Auto vars:     Size  Location     Type
		None
 Return value:  Size  Location     Type
                  1    wreg      void 
 Registers used:
		wreg, cstack
 Tracked objects:
		On entry : 
		On exit  : 
		Unchanged: 
 Data sizes:     COMRAM   BANK0   BANK1   BANK2   BANK3   BANK4   BANK5
      Params:         0       0       0       0       0       0       0
      Locals:         0       0       0       0       0       0       0
      Temps:          1       0       0       0       0       0       0
      Totals:         1       0       0       0       0       0       0
Total ram usage:        1 bytes
 Hardware stack levels used:    1
 Hardware stack levels required when called:    1
 This function calls:
		_adcFunction
 This function is called by:
		_main
 This function uses a non-reentrant model


 *************** function _motor_fwd *****************
 Defined at:
		line 186 in file "main.c"
 Parameters:    Size  Location     Type
  dir             1    wreg     unsigned char 
  spd             1    0[COMRAM] unsigned char 
  STAT            1    1[COMRAM] _Bool 
 Auto vars:     Size  Location     Type
  dir             1    2[COMRAM] unsigned char 
 Return value:  Size  Location     Type
                  1    wreg      void 
 Registers used:
		wreg, status,2, status,0
 Tracked objects:
		On entry : 
		On exit  : 
		Unchanged: 
 Data sizes:     COMRAM   BANK0   BANK1   BANK2   BANK3   BANK4   BANK5
      Params:         2       0       0       0       0       0       0
      Locals:         1       0       0       0       0       0       0
      Temps:          0       0       0       0       0       0       0
      Totals:         3       0       0       0       0       0       0
Total ram usage:        3 bytes
 Hardware stack levels used:    1
 This function calls:
		Nothing
 This function is called by:
		_main
 This function uses a non-reentrant model


 *************** function _leftPosition *****************
 Defined at:
		line 293 in file "main.c"
 Parameters:    Size  Location     Type
		None
 Auto vars:     Size  Location     Type
		None
 Return value:  Size  Location     Type
                  1    wreg      void 
 Registers used:
		wreg, cstack
 Tracked objects:
		On entry : 
		On exit  : 
		Unchanged: 
 Data sizes:     COMRAM   BANK0   BANK1   BANK2   BANK3   BANK4   BANK5
      Params:         0       0       0       0       0       0       0
      Locals:         0       0       0       0       0       0       0
      Temps:          1       0       0       0       0       0       0
      Totals:         1       0       0       0       0       0       0
Total ram usage:        1 bytes
 Hardware stack levels used:    1
 Hardware stack levels required when called:    1
 This function calls:
		_adcFunction
 This function is called by:
		_main
 This function uses a non-reentrant model


 *************** function _adcFunction *****************
 Defined at:
		line 311 in file "main.c"
 Parameters:    Size  Location     Type
		None
 Auto vars:     Size  Location     Type
		None
 Return value:  Size  Location     Type
                  1    wreg      void 
 Registers used:
		None
 Tracked objects:
		On entry : 
		On exit  : 
		Unchanged: 
 Data sizes:     COMRAM   BANK0   BANK1   BANK2   BANK3   BANK4   BANK5
      Params:         0       0       0       0       0       0       0
      Locals:         0       0       0       0       0       0       0
      Temps:          0       0       0       0       0       0       0
      Totals:         0       0       0       0       0       0       0
Total ram usage:        0 bytes
 Hardware stack levels used:    1
 This function calls:
		Nothing
 This function is called by:
		_main
		_rightPosition
		_leftPosition
 This function uses a non-reentrant model


 *************** function _diagnostic *****************
 Defined at:
		line 177 in file "main.c"
 Parameters:    Size  Location     Type
		None
 Auto vars:     Size  Location     Type
		None
 Return value:  Size  Location     Type
                  1    wreg      void 
 Registers used:
		wreg, status,2, status,0
 Tracked objects:
		On entry : 
		On exit  : 
		Unchanged: 
 Data sizes:     COMRAM   BANK0   BANK1   BANK2   BANK3   BANK4   BANK5
      Params:         0       0       0       0       0       0       0
      Locals:         0       0       0       0       0       0       0
      Temps:          2       0       0       0       0       0       0
      Totals:         2       0       0       0       0       0       0
Total ram usage:        2 bytes
 Hardware stack levels used:    1
 This function calls:
		Nothing
 This function is called by:
		_main
 This function uses a non-reentrant model


 *************** function _SYSTEM_Initialize *****************
 Defined at:
		line 50 in file "mcc_generated_files/mcc.c"
 Parameters:    Size  Location     Type
		None
 Auto vars:     Size  Location     Type
		None
 Return value:  Size  Location     Type
                  1    wreg      void 
 Registers used:
		wreg, status,2, cstack
 Tracked objects:
		On entry : 
		On exit  : 
		Unchanged: 
 Data sizes:     COMRAM   BANK0   BANK1   BANK2   BANK3   BANK4   BANK5
      Params:         0       0       0       0       0       0       0
      Locals:         0       0       0       0       0       0       0
      Temps:          0       0       0       0       0       0       0
      Totals:         0       0       0       0       0       0       0
Total ram usage:        0 bytes
 Hardware stack levels used:    1
 Hardware stack levels required when called:    1
 This function calls:
		_ADC_Initialize
		_EPWM1_Initialize
		_EPWM2_Initialize
		_OSCILLATOR_Initialize
		_PIN_MANAGER_Initialize
		_TMR2_Initialize
 This function is called by:
		_main
 This function uses a non-reentrant model


 *************** function _TMR2_Initialize *****************
 Defined at:
		line 62 in file "mcc_generated_files/tmr2.c"
 Parameters:    Size  Location     Type
		None
 Auto vars:     Size  Location     Type
		None
 Return value:  Size  Location     Type
                  1    wreg      void 
 Registers used:
		wreg, status,2
 Tracked objects:
		On entry : 
		On exit  : 
		Unchanged: 
 Data sizes:     COMRAM   BANK0   BANK1   BANK2   BANK3   BANK4   BANK5
      Params:         0       0       0       0       0       0       0
      Locals:         0       0       0       0       0       0       0
      Temps:          0       0       0       0       0       0       0
      Totals:         0       0       0       0       0       0       0
Total ram usage:        0 bytes
 Hardware stack levels used:    1
 This function calls:
		Nothing
 This function is called by:
		_SYSTEM_Initialize
 This function uses a non-reentrant model


 *************** function _PIN_MANAGER_Initialize *****************
 Defined at:
		line 55 in file "mcc_generated_files/pin_manager.c"
 Parameters:    Size  Location     Type
		None
 Auto vars:     Size  Location     Type
		None
 Return value:  Size  Location     Type
                  1    wreg      void 
 Registers used:
		wreg, status,2
 Tracked objects:
		On entry : 
		On exit  : 
		Unchanged: 
 Data sizes:     COMRAM   BANK0   BANK1   BANK2   BANK3   BANK4   BANK5
      Params:         0       0       0       0       0       0       0
      Locals:         0       0       0       0       0       0       0
      Temps:          0       0       0       0       0       0       0
      Totals:         0       0       0       0       0       0       0
Total ram usage:        0 bytes
 Hardware stack levels used:    1
 This function calls:
		Nothing
 This function is called by:
		_SYSTEM_Initialize
 This function uses a non-reentrant model


 *************** function _OSCILLATOR_Initialize *****************
 Defined at:
		line 61 in file "mcc_generated_files/mcc.c"
 Parameters:    Size  Location     Type
		None
 Auto vars:     Size  Location     Type
		None
 Return value:  Size  Location     Type
                  1    wreg      void 
 Registers used:
		wreg, status,2
 Tracked objects:
		On entry : 
		On exit  : 
		Unchanged: 
 Data sizes:     COMRAM   BANK0   BANK1   BANK2   BANK3   BANK4   BANK5
      Params:         0       0       0       0       0       0       0
      Locals:         0       0       0       0       0       0       0
      Temps:          0       0       0       0       0       0       0
      Totals:         0       0       0       0       0       0       0
Total ram usage:        0 bytes
 Hardware stack levels used:    1
 This function calls:
		Nothing
 This function is called by:
		_SYSTEM_Initialize
 This function uses a non-reentrant model


 *************** function _EPWM2_Initialize *****************
 Defined at:
		line 64 in file "mcc_generated_files/epwm2.c"
 Parameters:    Size  Location     Type
		None
 Auto vars:     Size  Location     Type
		None
 Return value:  Size  Location     Type
                  1    wreg      void 
 Registers used:
		wreg, status,2
 Tracked objects:
		On entry : 
		On exit  : 
		Unchanged: 
 Data sizes:     COMRAM   BANK0   BANK1   BANK2   BANK3   BANK4   BANK5
      Params:         0       0       0       0       0       0       0
      Locals:         0       0       0       0       0       0       0
      Temps:          0       0       0       0       0       0       0
      Totals:         0       0       0       0       0       0       0
Total ram usage:        0 bytes
 Hardware stack levels used:    1
 This function calls:
		Nothing
 This function is called by:
		_SYSTEM_Initialize
 This function uses a non-reentrant model


 *************** function _EPWM1_Initialize *****************
 Defined at:
		line 64 in file "mcc_generated_files/epwm1.c"
 Parameters:    Size  Location     Type
		None
 Auto vars:     Size  Location     Type
		None
 Return value:  Size  Location     Type
                  1    wreg      void 
 Registers used:
		wreg, status,2
 Tracked objects:
		On entry : 
		On exit  : 
		Unchanged: 
 Data sizes:     COMRAM   BANK0   BANK1   BANK2   BANK3   BANK4   BANK5
      Params:         0       0       0       0       0       0       0
      Locals:         0       0       0       0       0       0       0
      Temps:          0       0       0       0       0       0       0
      Totals:         0       0       0       0       0       0       0
Total ram usage:        0 bytes
 Hardware stack levels used:    1
 This function calls:
		Nothing
 This function is called by:
		_SYSTEM_Initialize
 This function uses a non-reentrant model


 *************** function _ADC_Initialize *****************
 Defined at:
		line 62 in file "mcc_generated_files/adc.c"
 Parameters:    Size  Location     Type
		None
 Auto vars:     Size  Location     Type
		None
 Return value:  Size  Location     Type
                  1    wreg      void 
 Registers used:
		wreg, status,2
 Tracked objects:
		On entry : 
		On exit  : 
		Unchanged: 
 Data sizes:     COMRAM   BANK0   BANK1   BANK2   BANK3   BANK4   BANK5
      Params:         0       0       0       0       0       0       0
      Locals:         0       0       0       0       0       0       0
      Temps:          0       0       0       0       0       0       0
      Totals:         0       0       0       0       0       0       0
Total ram usage:        0 bytes
 Hardware stack levels used:    1
 This function calls:
		Nothing
 This function is called by:
		_SYSTEM_Initialize
 This function uses a non-reentrant model


 *************** function _MCP23008_Initialise *****************
 Defined at:
		line 209 in file "main.c"
 Parameters:    Size  Location     Type
		None
 Auto vars:     Size  Location     Type
		None
 Return value:  Size  Location     Type
                  1    wreg      void 
 Registers used:
		wreg, status,2, status,0, cstack
 Tracked objects:
		On entry : 
		On exit  : 
		Unchanged: 
 Data sizes:     COMRAM   BANK0   BANK1   BANK2   BANK3   BANK4   BANK5
      Params:         0       0       0       0       0       0       0
      Locals:         0       0       0       0       0       0       0
      Temps:          0       0       0       0       0       0       0
      Totals:         0       0       0       0       0       0       0
Total ram usage:        0 bytes
 Hardware stack levels used:    1
 Hardware stack levels required when called:    2
 This function calls:
		_I2C_send_data
		_IdleI2C
 This function is called by:
		_main
 This function uses a non-reentrant model


 *************** function _IsOptoR *****************
 Defined at:
		line 374 in file "main.c"
 Parameters:    Size  Location     Type
		None
 Auto vars:     Size  Location     Type
		None
 Return value:  Size  Location     Type
                  1    wreg      _Bool 
 Registers used:
		wreg
 Tracked objects:
		On entry : 
		On exit  : 
		Unchanged: 
 Data sizes:     COMRAM   BANK0   BANK1   BANK2   BANK3   BANK4   BANK5
      Params:         0       0       0       0       0       0       0
      Locals:         0       0       0       0       0       0       0
      Temps:          0       0       0       0       0       0       0
      Totals:         0       0       0       0       0       0       0
Total ram usage:        0 bytes
 Hardware stack levels used:    1
 This function calls:
		Nothing
 This function is called by:
		_main
 This function uses a non-reentrant model


 *************** function _IsOptoL *****************
 Defined at:
		line 369 in file "main.c"
 Parameters:    Size  Location     Type
		None
 Auto vars:     Size  Location     Type
		None
 Return value:  Size  Location     Type
                  1    wreg      _Bool 
 Registers used:
		wreg
 Tracked objects:
		On entry : 
		On exit  : 
		Unchanged: 
 Data sizes:     COMRAM   BANK0   BANK1   BANK2   BANK3   BANK4   BANK5
      Params:         0       0       0       0       0       0       0
      Locals:         0       0       0       0       0       0       0
      Temps:          0       0       0       0       0       0       0
      Totals:         0       0       0       0       0       0       0
Total ram usage:        0 bytes
 Hardware stack levels used:    1
 This function calls:
		Nothing
 This function is called by:
		_main
 This function uses a non-reentrant model


 *************** function _IsBumperR *****************
 Defined at:
		line 364 in file "main.c"
 Parameters:    Size  Location     Type
		None
 Auto vars:     Size  Location     Type
		None
 Return value:  Size  Location     Type
                  1    wreg      _Bool 
 Registers used:
		wreg
 Tracked objects:
		On entry : 
		On exit  : 
		Unchanged: 
 Data sizes:     COMRAM   BANK0   BANK1   BANK2   BANK3   BANK4   BANK5
      Params:         0       0       0       0       0       0       0
      Locals:         0       0       0       0       0       0       0
      Temps:          0       0       0       0       0       0       0
      Totals:         0       0       0       0       0       0       0
Total ram usage:        0 bytes
 Hardware stack levels used:    1
 This function calls:
		Nothing
 This function is called by:
		_main
 This function uses a non-reentrant model


 *************** function _IsBumperL *****************
 Defined at:
		line 324 in file "main.c"
 Parameters:    Size  Location     Type
		None
 Auto vars:     Size  Location     Type
		None
 Return value:  Size  Location     Type
                  1    wreg      _Bool 
 Registers used:
		wreg
 Tracked objects:
		On entry : 
		On exit  : 
		Unchanged: 
 Data sizes:     COMRAM   BANK0   BANK1   BANK2   BANK3   BANK4   BANK5
      Params:         0       0       0       0       0       0       0
      Locals:         0       0       0       0       0       0       0
      Temps:          0       0       0       0       0       0       0
      Totals:         0       0       0       0       0       0       0
Total ram usage:        0 bytes
 Hardware stack levels used:    1
 This function calls:
		Nothing
 This function is called by:
		_main
 This function uses a non-reentrant model


 *************** function _I2C_Initialise *****************
 Defined at:
		line 200 in file "main.c"
 Parameters:    Size  Location     Type
		None
 Auto vars:     Size  Location     Type
		None
 Return value:  Size  Location     Type
                  1    wreg      void 
 Registers used:
		wreg, status,2
 Tracked objects:
		On entry : 
		On exit  : 
		Unchanged: 
 Data sizes:     COMRAM   BANK0   BANK1   BANK2   BANK3   BANK4   BANK5
      Params:         0       0       0       0       0       0       0
      Locals:         0       0       0       0       0       0       0
      Temps:          0       0       0       0       0       0       0
      Totals:         0       0       0       0       0       0       0
Total ram usage:        0 bytes
 Hardware stack levels used:    1
 This function calls:
		Nothing
 This function is called by:
		_main
 This function uses a non-reentrant model


 *************** function _I2C *****************
 Defined at:
		line 259 in file "main.c"
 Parameters:    Size  Location     Type
		None
 Auto vars:     Size  Location     Type
		None
 Return value:  Size  Location     Type
                  1    wreg      void 
 Registers used:
		wreg, fsr2l, fsr2h, status,2, status,0, cstack
 Tracked objects:
		On entry : 
		On exit  : 
		Unchanged: 
 Data sizes:     COMRAM   BANK0   BANK1   BANK2   BANK3   BANK4   BANK5
      Params:         0       0       0       0       0       0       0
      Locals:         0       0       0       0       0       0       0
      Temps:          2       0       0       0       0       0       0
      Totals:         2       0       0       0       0       0       0
Total ram usage:        2 bytes
 Hardware stack levels used:    1
 Hardware stack levels required when called:    2
 This function calls:
		_I2C_send_data
 This function is called by:
		_main
 This function uses a non-reentrant model


 *************** function _I2C_send_data *****************
 Defined at:
		line 222 in file "main.c"
 Parameters:    Size  Location     Type
  device_addre    1    wreg     unsigned char 
  register_add    1    1[COMRAM] unsigned char 
  register_dat    1    2[COMRAM] unsigned char 
 Auto vars:     Size  Location     Type
  device_addre    1    3[COMRAM] unsigned char 
 Return value:  Size  Location     Type
                  1    wreg      void 
 Registers used:
		wreg, status,2, status,0, cstack
 Tracked objects:
		On entry : 
		On exit  : 
		Unchanged: 
 Data sizes:     COMRAM   BANK0   BANK1   BANK2   BANK3   BANK4   BANK5
      Params:         2       0       0       0       0       0       0
      Locals:         1       0       0       0       0       0       0
      Temps:          0       0       0       0       0       0       0
      Totals:         3       0       0       0       0       0       0
Total ram usage:        3 bytes
 Hardware stack levels used:    1
 Hardware stack levels required when called:    1
 This function calls:
		_IdleI2C
		_StartI2C
		_StopI2C
		_WriteI2C
 This function is called by:
		_MCP23008_Initialise
		_I2C
 This function uses a non-reentrant model


 *************** function _WriteI2C *****************
 Defined at:
		line 248 in file "main.c"
 Parameters:    Size  Location     Type
  data            1    wreg     unsigned char 
 Auto vars:     Size  Location     Type
  data            1    0[COMRAM] unsigned char 
 Return value:  Size  Location     Type
                  1    wreg      void 
 Registers used:
		wreg
 Tracked objects:
		On entry : 
		On exit  : 
		Unchanged: 
 Data sizes:     COMRAM   BANK0   BANK1   BANK2   BANK3   BANK4   BANK5
      Params:         0       0       0       0       0       0       0
      Locals:         1       0       0       0       0       0       0
      Temps:          0       0       0       0       0       0       0
      Totals:         1       0       0       0       0       0       0
Total ram usage:        1 bytes
 Hardware stack levels used:    1
 This function calls:
		Nothing
 This function is called by:
		_I2C_send_data
 This function uses a non-reentrant model


 *************** function _StopI2C *****************
 Defined at:
		line 254 in file "main.c"
 Parameters:    Size  Location     Type
		None
 Auto vars:     Size  Location     Type
		None
 Return value:  Size  Location     Type
                  1    wreg      void 
 Registers used:
		None
 Tracked objects:
		On entry : 
		On exit  : 
		Unchanged: 
 Data sizes:     COMRAM   BANK0   BANK1   BANK2   BANK3   BANK4   BANK5
      Params:         0       0       0       0       0       0       0
      Locals:         0       0       0       0       0       0       0
      Temps:          0       0       0       0       0       0       0
      Totals:         0       0       0       0       0       0       0
Total ram usage:        0 bytes
 Hardware stack levels used:    1
 This function calls:
		Nothing
 This function is called by:
		_I2C_send_data
 This function uses a non-reentrant model


 *************** function _StartI2C *****************
 Defined at:
		line 239 in file "main.c"
 Parameters:    Size  Location     Type
		None
 Auto vars:     Size  Location     Type
		None
 Return value:  Size  Location     Type
                  1    wreg      void 
 Registers used:
		wreg, status,2, status,0
 Tracked objects:
		On entry : 
		On exit  : 
		Unchanged: 
 Data sizes:     COMRAM   BANK0   BANK1   BANK2   BANK3   BANK4   BANK5
      Params:         0       0       0       0       0       0       0
      Locals:         0       0       0       0       0       0       0
      Temps:          1       0       0       0       0       0       0
      Totals:         1       0       0       0       0       0       0
Total ram usage:        1 bytes
 Hardware stack levels used:    1
 This function calls:
		Nothing
 This function is called by:
		_I2C_send_data
 This function uses a non-reentrant model


 *************** function _IdleI2C *****************
 Defined at:
		line 234 in file "main.c"
 Parameters:    Size  Location     Type
		None
 Auto vars:     Size  Location     Type
		None
 Return value:  Size  Location     Type
                  1    wreg      void 
 Registers used:
		wreg, status,2, status,0
 Tracked objects:
		On entry : 
		On exit  : 
		Unchanged: 
 Data sizes:     COMRAM   BANK0   BANK1   BANK2   BANK3   BANK4   BANK5
      Params:         0       0       0       0       0       0       0
      Locals:         0       0       0       0       0       0       0
      Temps:          1       0       0       0       0       0       0
      Totals:         1       0       0       0       0       0       0
Total ram usage:        1 bytes
 Hardware stack levels used:    1
 This function calls:
		Nothing
 This function is called by:
		_MCP23008_Initialise
		_I2C_send_data
 This function uses a non-reentrant model



MODULE INFORMATION

Module		Function		Class		Link	Load	Size
mcc_generated_files/tmr2.c
		_TMR2_Initialize		CODE           	793C	0000	14

mcc_generated_files/tmr2.c estimated size: 14

mcc_generated_files/epwm2.c
		_EPWM2_Initialize		CODE           	7A26	0000	32

mcc_generated_files/epwm2.c estimated size: 32

mcc_generated_files/pin_manager.c
		_PIN_MANAGER_Initialize		CODE           	7B34	0000	46

mcc_generated_files/pin_manager.c estimated size: 46

mcc_generated_files/adc.c
		_ADC_Initialize		CODE           	79D6	0000	22

mcc_generated_files/adc.c estimated size: 22

shared
		__initialization		CODE           	7B98	0000	44

shared estimated size: 44

mcc_generated_files/mcc.c
		_OSCILLATOR_Initialize		CODE           	792E	0000	14
		_SYSTEM_Initialize		CODE           	79EC	0000	26

mcc_generated_files/mcc.c estimated size: 40

mcc_generated_files/epwm1.c
		_EPWM1_Initialize		CODE           	7A06	0000	32

mcc_generated_files/epwm1.c estimated size: 32

main.c
		_IdleI2C       		CODE           	7A66	0000	38
		_main          		CODE           	7D7E	0000	642
		_I2C_send_data 		CODE           	7AB4	0000	42
		_MCP23008_Initialise		CODE           	7BCE	0000	88
		_motor_fwd     		CODE           	7B62	0000	54
		_adcFunction   		CODE           	7A46	0000	32
		_diagnostic    		CODE           	7CD0	0000	174
		_StopI2C       		CODE           	792A	0000	4
		_IsOptoL       		CODE           	7982	0000	20
		_I2C           		CODE           	7C26	0000	170
		_WriteI2C      		CODE           	79AA	0000	22
		_StartI2C      		CODE           	7B08	0000	44
		_I2C_Initialise		CODE           	79C0	0000	22
		_leftPosition  		CODE           	7A8C	0000	40
		_IsOptoR       		CODE           	7996	0000	20
		_rightPosition 		CODE           	7ADE	0000	42
		_IsBumperL     		CODE           	795A	0000	20
		_IsBumperR     		CODE           	796E	0000	20

main.c estimated size: 1494

