Microchip MPLAB XC8 Compiler V2.30

Linker command line:

-W-3 --edf=C:\Program Files\Microchip\xc8\v2.30\pic\dat\en_msgs.txt -cn \
  -h+dist/default/production\FINALFINALDERBOT.production.sym \
  --cmf=dist/default/production\FINALFINALDERBOT.production.cmf -z \
  -Q18F25K22 -oC:\Users\charl\AppData\Local\Temp\sb44x2 \
  --defsym=__MPLAB_BUILD=1 \
  -Mdist/default/production/FINALFINALDERBOT.production.map -E1 \
  -ver=XC8 Compiler --acfsm=1493 -ASTACK=060h-05FFh -pstack=STACK \
  -ACODE=00h-07FFFh -ACONST=00h-07FFFh -ASMALLCONST=0600h-06FFhx122 \
  -AMEDIUMCONST=0600h-07FFFh -ACOMRAM=01h-05Fh -AABS1=00h-05FFh \
  -ABIGRAM=01h-05FFh -ARAM=060h-0FFh,0100h-01FFhx5 -ABANK0=060h-0FFh \
  -ABANK1=0100h-01FFh -ABANK2=0200h-02FFh -ABANK3=0300h-03FFh \
  -ABANK4=0400h-04FFh -ABANK5=0500h-05FFh -ASFR=0F38h-0F5Fh,0F60h-0FFFh \
  -ACONFIG=0300000h-030000Dh -AIDLOC=0200000h-0200007h \
  -AEEDATA=0F00000h-0F000FFh -peeprom_data=EEDATA \
  -preset_vec=00h,intcode,intcodelo,powerup,init -pramtop=0600h \
  -psmallconst=SMALLCONST -pmediumconst=MEDIUMCONST -pconst=CONST \
  -AFARRAM=00h-00h \
  -prdata=COMRAM,nvrram=COMRAM,nvbit=COMRAM,rbss=COMRAM,rbit=COMRAM \
  -pfarbss=FARRAM,fardata=FARRAM,nvFARRAM=FARRAM \
  -pintsave_regs=BIGRAM,bigbss=BIGRAM,bigdata=BIGRAM -pbss=RAM \
  -pidata=CODE,irdata=CODE,ibigdata=CODE,ifardata=CODE -prparam=COMRAM \
  C:\Users\charl\AppData\Local\Temp\sb44x8.o \
  dist/default/production\FINALFINALDERBOT.production.o 

Object code version is 3.11

Machine type is 18F25K22



                Name                               Link     Load   Length Selector   Space Scale
C:\Users\charl\AppData\Local\Temp\sb44x8.o
                idloc                            200000   200000        8        0       5
                config                           300000   300000        E        0       4
                init                                  0        0        4        0       0
dist/default/production\FINALFINALDERBOT.production.o
                idloc                            200000   200000        8        0       5
                config                           300000   300000        E        0       4
                text24                             7A22     7A22       26     3D11       0
                text23                             7AC4     7AC4       2C     3D62       0
                text22                             78E6     78E6        4     3C73       0
                text21                             7966     7966       16     3CB3       0
                text20                             7A70     7A70       2A     3D38       0
                text19                             7BE2     7BE2       AA     3DF1       0
                text18                             797C     797C       16     3CBE       0
                text17                             7916     7916       14     3C8B       0
                text16                             792A     792A       14     3C95       0
                text15                             793E     793E       14     3C9F       0
                text14                             7952     7952       14     3CA9       0
                text13                             7B8A     7B8A       58     3DC5       0
                text12                             7992     7992       16     3CC9       0
                text11                             79C2     79C2       20     3CE1       0
                text10                             79E2     79E2       20     3CF1       0
                text9                              78EA     78EA        E     3C75       0
                text8                              7AF0     7AF0       2E     3D78       0
                text7                              78F8     78F8        E     3C7C       0
                text6                              79A8     79A8       1A     3CD4       0
                text5                              7C8C     7C8C       AE     3E46       0
                text4                              7A02     7A02       20     3D01       0
                text3                              7A48     7A48       28     3D24       0
                text2                              7B1E     7B1E       36     3D8F       0
                text1                              7A9A     7A9A       2A     3D4D       0
                text0                              7D3A     7D3A      2C6     3E9D       0
                cstackCOMRAM                         23       23        8        1       1
                dataCOMRAM                           13       13       10        1       1
                bssCOMRAM                             1        1       12        1       1
                cinit                              7B54     7B54       36     3DAA       0
                idataCOMRAM                        7906     7906       10     7906       0

TOTAL           Name                               Link     Load   Length     Space
        CLASS   STACK          

        CLASS   CODE           
                init                                  0        0        4         0
                text24                             7A22     7A22       26         0
                text23                             7AC4     7AC4       2C         0
                text22                             78E6     78E6        4         0
                text21                             7966     7966       16         0
                text20                             7A70     7A70       2A         0
                text19                             7BE2     7BE2       AA         0
                text18                             797C     797C       16         0
                text17                             7916     7916       14         0
                text16                             792A     792A       14         0
                text15                             793E     793E       14         0
                text14                             7952     7952       14         0
                text13                             7B8A     7B8A       58         0
                text12                             7992     7992       16         0
                text11                             79C2     79C2       20         0
                text10                             79E2     79E2       20         0
                text9                              78EA     78EA        E         0
                text8                              7AF0     7AF0       2E         0
                text7                              78F8     78F8        E         0
                text6                              79A8     79A8       1A         0
                text5                              7C8C     7C8C       AE         0
                text4                              7A02     7A02       20         0
                text3                              7A48     7A48       28         0
                text2                              7B1E     7B1E       36         0
                text1                              7A9A     7A9A       2A         0
                text0                              7D3A     7D3A      2C6         0
                cinit                              7B54     7B54       36         0
                idataCOMRAM                        7906     7906       10         0

        CLASS   CONST          

        CLASS   SMALLCONST     

        CLASS   MEDIUMCONST    

        CLASS   COMRAM         
                cstackCOMRAM                         23       23        8         1
                dataCOMRAM                           13       13       10         1
                bssCOMRAM                             1        1       12         1

        CLASS   ABS1           

        CLASS   BIGRAM         

        CLASS   RAM            

        CLASS   BANK0          

        CLASS   BANK1          

        CLASS   BANK2          

        CLASS   BANK3          

        CLASS   BANK4          

        CLASS   BANK5          

        CLASS   SFR            

        CLASS   CONFIG         
                config                           300000   300000        E         4

        CLASS   IDLOC          
                idloc                            200000   200000        8         5

        CLASS   EEDATA         

        CLASS   FARRAM         



SEGMENTS        Name                           Load    Length   Top    Selector   Space  Class

                reset_vec                      000000  000004  000004         0       0  CODE    
                bssCOMRAM                      000001  00002A  00002B         1       1  COMRAM  
                text22                         0078E6  000004  0078EA      3C73       0  CODE    
                text9                          0078EA  00000E  0078F8      3C75       0  CODE    
                text7                          0078F8  00000E  007906      3C7C       0  CODE    
                idataCOMRAM                    007906  000010  007916      7906       0  CODE    
                text17                         007916  000014  00792A      3C8B       0  CODE    
                text16                         00792A  000014  00793E      3C95       0  CODE    
                text15                         00793E  000014  007952      3C9F       0  CODE    
                text14                         007952  000014  007966      3CA9       0  CODE    
                text21                         007966  000016  00797C      3CB3       0  CODE    
                text18                         00797C  000016  007992      3CBE       0  CODE    
                text12                         007992  000016  0079A8      3CC9       0  CODE    
                text6                          0079A8  00001A  0079C2      3CD4       0  CODE    
                text11                         0079C2  000020  0079E2      3CE1       0  CODE    
                text10                         0079E2  000020  007A02      3CF1       0  CODE    
                text4                          007A02  000020  007A22      3D01       0  CODE    
                text24                         007A22  000026  007A48      3D11       0  CODE    
                text3                          007A48  000028  007A70      3D24       0  CODE    
                text20                         007A70  00002A  007A9A      3D38       0  CODE    
                text1                          007A9A  00002A  007AC4      3D4D       0  CODE    
                text23                         007AC4  00002C  007AF0      3D62       0  CODE    
                text8                          007AF0  00002E  007B1E      3D78       0  CODE    
                text2                          007B1E  000036  007B54      3D8F       0  CODE    
                cinit                          007B54  000036  007B8A      3DAA       0  CODE    
                text13                         007B8A  000058  007BE2      3DC5       0  CODE    
                text19                         007BE2  0000AA  007C8C      3DF1       0  CODE    
                text5                          007C8C  0000AE  007D3A      3E46       0  CODE    
                text0                          007D3A  0002C6  008000      3E9D       0  CODE    


UNUSED ADDRESS RANGES

        Name                Unused          Largest block    Delta
        BANK0            000060-0000FF               A0
        BANK1            000100-0001FF              100
        BANK2            000200-0002FF              100
        BANK3            000300-0003FF              100
        BANK4            000400-0004FF              100
        BANK5            000500-0005FF              100
        BIGRAM           00002B-0005FF              5D5
        CODE             000004-0078E5             78E2
        COMRAM           00002B-00005F               35
        CONST            000004-0078E5             78E2
        EEDATA           F00000-F000FF              100
        MEDIUMCONST      000600-0078E5             72E6
        RAM              000060-0005FF              100
        SFR              000F38-000FFF               28
        SMALLCONST       000600-0078E5              100
        STACK            000060-0005FF              5A0

                                  Symbol Table

I2C_send_data@device_address     cstackCOMRAM 000026
I2C_send_data@register_address   cstackCOMRAM 000024
I2C_send_data@register_data      cstackCOMRAM 000025
WriteI2C@data                    cstackCOMRAM 000023
_ADCON0                          (abs)        000FC2
_ADCON0bits                      (abs)        000FC2
_ADCON1                          (abs)        000FC1
_ADCON2                          (abs)        000FC0
_ADC_Initialize                  text12       007992
_ADC_InterruptHandler            bssCOMRAM    000011
_ADRESH                          (abs)        000FC4
_ADRESL                          (abs)        000FC3
_ANSELA                          (abs)        000F38
_ANSELB                          (abs)        000F39
_ANSELC                          (abs)        000F3A
_CCP1CON                         (abs)        000FBD
_CCP2CON                         (abs)        000F66
_CCPR1H                          (abs)        000FBF
_CCPR1L                          (abs)        000FBE
_CCPR2H                          (abs)        000F68
_CCPR2L                          (abs)        000F67
_CCPTMRS0bits                    (abs)        000F49
_ECCP1AS                         (abs)        000FB6
_ECCP2AS                         (abs)        000F64
_EPWM1_Initialize                text11       0079C2
_EPWM2_Initialize                text10       0079E2
_I2C                             text19       007BE2
_I2C_Initialise                  text18       00797C
_I2C_send_data                   text20       007A70
_INTCON2bits                     (abs)        000FF1
_INTCONbits                      (abs)        000FF2
_IdleI2C                         text24       007A22
_IsBumperL                       text17       007916
_IsBumperR                       text16       00792A
_IsOptoL                         text15       00793E
_IsOptoR                         text14       007952
_LATA                            (abs)        000F89
_LATB                            (abs)        000F8A
_LATC                            (abs)        000F8B
_LATCbits                        (abs)        000F8B
_LDRVAL                          dataCOMRAM   000021
_Lit                             bssCOMRAM    000007
_MCP23008_Initialise             text13       007B8A
_OSCCON                          (abs)        000FD3
_OSCCON2                         (abs)        000FD2
_OSCILLATOR_Initialize           text9        0078EA
_OSCTUNE                         (abs)        000F9B
_PIN_MANAGER_Initialize          text8        007AF0
_PIR1bits                        (abs)        000F9E
_PORTAbits                       (abs)        000F80
_PORTBbits                       (abs)        000F81
_PR2                             (abs)        000FBB
_PSTR1CON                        (abs)        000FB9
_PSTR2CON                        (abs)        000F63
_PWM1CON                         (abs)        000FB7
_PWM2CON                         (abs)        000F65
_SSP1ADD                         (abs)        000FC8
_SSP1BUF                         (abs)        000FC9
_SSP1CON1                        (abs)        000FC6
_SSP1CON2                        (abs)        000FC5
_SSP1CON2bits                    (abs)        000FC5
_SSP1CON3                        (abs)        000FCB
_SSP1STAT                        (abs)        000FC7
_SSP1STATbits                    (abs)        000FC7
_SYSTEM_Initialize               text6        0079A8
_StartI2C                        text23       007AC4
_StopI2C                         text22       0078E6
_T2CON                           (abs)        000FBA
_T2CONbits                       (abs)        000FBA
_TMR2                            (abs)        000FBC
_TMR2_Initialize                 text7        0078F8
_TRISA                           (abs)        000F92
_TRISB                           (abs)        000F93
_TRISC                           (abs)        000F94
_UnLit                           bssCOMRAM    000009
_WPUB                            (abs)        000F61
_WriteI2C                        text21       007966
__HRAM                           (abs)        000000
__Habs1                          abs1         000000
__Hbank0                         bank0        000000
__Hbank1                         bank1        000000
__Hbank2                         bank2        000000
__Hbank3                         bank3        000000
__Hbank4                         bank4        000000
__Hbank5                         bank5        000000
__Hbigbss                        bigbss       000000
__Hbigdata                       bigdata      000000
__Hbigram                        bigram       000000
__Hbss                           bss          000000
__HbssCOMRAM                     bssCOMRAM    000000
__Hcinit                         cinit        000000
__Hclrtext                       clrtext      000000
__Hcomram                        comram       000000
__Hconfig                        config       30000E
__Hconst                         const        000000
__HcstackCOMRAM                  cstackCOMRAM 000000
__Hdata                          data         000000
__HdataCOMRAM                    dataCOMRAM   000000
__Heeprom_data                   eeprom_data  000000
__Hfarbss                        farbss       000000
__Hfardata                       fardata      000000
__Hibigdata                      ibigdata     000000
__Hidata                         idata        000000
__HidataCOMRAM                   idataCOMRAM  000000
__Hidloc                         idloc        200008
__Hifardata                      ifardata     000000
__Hinit                          init         000004
__Hintcode                       intcode      000000
__Hintcode_body                  intcode_body 000000
__Hintcodelo                     intcodelo    000000
__Hintentry                      intentry     000000
__Hintret                        intret       000000
__Hintsave_regs                  intsave_regs 000000
__Hirdata                        irdata       000000
__Hmediumconst                   mediumconst  000000
__HnvFARRAM                      nvFARRAM     000000
__Hnvbit                         nvbit        000000
__Hnvrram                        nvrram       000000
__Hparam                         rparam       000000
__Hpowerup                       powerup      000000
__Hram                           ram          000000
__Hramtop                        ramtop       000600
__Hrbit                          rbit         000000
__Hrbss                          rbss         000000
__Hrdata                         rdata        000000
__Hreset_vec                     reset_vec    000000
__Hrparam                        rparam       000000
__Hsfr                           sfr          000000
__Hsmallconst                    smallconst   000000
__Hspace_0                       (abs)        008000
__Hspace_1                       (abs)        00002B
__Hspace_2                       (abs)        000000
__Hspace_4                       (abs)        60000E
__Hstack                         stack        000000
__Hstruct                        struct       000000
__Htemp                          temp         000000
__Htext                          text         000000
__Htext0                         text0        000000
__Htext1                         text1        000000
__Htext10                        text10       000000
__Htext11                        text11       000000
__Htext12                        text12       000000
__Htext13                        text13       000000
__Htext14                        text14       000000
__Htext15                        text15       000000
__Htext16                        text16       000000
__Htext17                        text17       000000
__Htext18                        text18       000000
__Htext19                        text19       000000
__Htext2                         text2        000000
__Htext20                        text20       000000
__Htext21                        text21       000000
__Htext22                        text22       000000
__Htext23                        text23       000000
__Htext24                        text24       000000
__Htext3                         text3        000000
__Htext4                         text4        000000
__Htext5                         text5        000000
__Htext6                         text6        000000
__Htext7                         text7        000000
__Htext8                         text8        000000
__Htext9                         text9        000000
__LRAM                           (abs)        000001
__Labs1                          abs1         000000
__Lbank0                         bank0        000000
__Lbank1                         bank1        000000
__Lbank2                         bank2        000000
__Lbank3                         bank3        000000
__Lbank4                         bank4        000000
__Lbank5                         bank5        000000
__Lbigbss                        bigbss       000000
__Lbigdata                       bigdata      000000
__Lbigram                        bigram       000000
__Lbss                           bss          000000
__LbssCOMRAM                     bssCOMRAM    000000
__Lcinit                         cinit        000000
__Lclrtext                       clrtext      000000
__Lcomram                        comram       000000
__Lconfig                        config       000000
__Lconst                         const        000000
__LcstackCOMRAM                  cstackCOMRAM 000000
__Ldata                          data         000000
__LdataCOMRAM                    dataCOMRAM   000000
__Leeprom_data                   eeprom_data  000000
__Lfarbss                        farbss       000000
__Lfardata                       fardata      000000
__Libigdata                      ibigdata     000000
__Lidata                         idata        000000
__LidataCOMRAM                   idataCOMRAM  000000
__Lidloc                         idloc        000000
__Lifardata                      ifardata     000000
__Linit                          init         000000
__Lintcode                       intcode      000000
__Lintcode_body                  intcode_body 000000
__Lintcodelo                     intcodelo    000000
__Lintentry                      intentry     000000
__Lintret                        intret       000000
__Lintsave_regs                  intsave_regs 000000
__Lirdata                        irdata       000000
__Lmediumconst                   mediumconst  000000
__LnvFARRAM                      nvFARRAM     000000
__Lnvbit                         nvbit        000000
__Lnvrram                        nvrram       000000
__Lparam                         rparam       000000
__Lpowerup                       powerup      000000
__Lram                           ram          000000
__Lramtop                        ramtop       000600
__Lrbit                          rbit         000000
__Lrbss                          rbss         000000
__Lrdata                         rdata        000000
__Lreset_vec                     reset_vec    000000
__Lrparam                        rparam       000000
__Lsfr                           sfr          000000
__Lsmallconst                    smallconst   000000
__Lspace_0                       (abs)        000000
__Lspace_1                       (abs)        000000
__Lspace_2                       (abs)        000000
__Lspace_4                       (abs)        000000
__Lstack                         stack        000000
__Lstruct                        struct       000000
__Ltemp                          temp         000000
__Ltext                          text         000000
__Ltext0                         text0        000000
__Ltext1                         text1        000000
__Ltext10                        text10       000000
__Ltext11                        text11       000000
__Ltext12                        text12       000000
__Ltext13                        text13       000000
__Ltext14                        text14       000000
__Ltext15                        text15       000000
__Ltext16                        text16       000000
__Ltext17                        text17       000000
__Ltext18                        text18       000000
__Ltext19                        text19       000000
__Ltext2                         text2        000000
__Ltext20                        text20       000000
__Ltext21                        text21       000000
__Ltext22                        text22       000000
__Ltext23                        text23       000000
__Ltext24                        text24       000000
__Ltext3                         text3        000000
__Ltext4                         text4        000000
__Ltext5                         text5        000000
__Ltext6                         text6        000000
__Ltext7                         text7        000000
__Ltext8                         text8        000000
__Ltext9                         text9        000000
__S0                             (abs)        008000
__S1                             (abs)        00002B
__S2                             (abs)        000000
__S4                             (abs)        000000
__S5                             (abs)        000000
___inthi_sp                      stack        000000
___intlo_sp                      stack        000000
___param_bank                    (abs)        000000
___rparam_used                   (abs)        000001
___sp                            stack        000000
__accesstop                      (abs)        000060
__activetblptr                   (abs)        000002
__end_of_ADC_Initialize          text12       0079A8
__end_of_EPWM1_Initialize        text11       0079E2
__end_of_EPWM2_Initialize        text10       007A02
__end_of_I2C                     text19       007C8C
__end_of_I2C_Initialise          text18       007992
__end_of_I2C_send_data           text20       007A9A
__end_of_IdleI2C                 text24       007A48
__end_of_IsBumperL               text17       00792A
__end_of_IsBumperR               text16       00793E
__end_of_IsOptoL                 text15       007952
__end_of_IsOptoR                 text14       007966
__end_of_MCP23008_Initialise     text13       007BE2
__end_of_OSCILLATOR_Initialize   text9        0078F8
__end_of_PIN_MANAGER_Initialize  text8        007B1E
__end_of_SYSTEM_Initialize       text6        0079C2
__end_of_StartI2C                text23       007AF0
__end_of_StopI2C                 text22       0078EA
__end_of_TMR2_Initialize         text7        007906
__end_of_WriteI2C                text21       00797C
__end_of__initialization         cinit        007B80
__end_of_adcFunction             text4        007A22
__end_of_diagnostic              text5        007D3A
__end_of_leftPosition            text3        007A70
__end_of_main                    text0        008000
__end_of_motor_fwd               text2        007B54
__end_of_rightPosition           text1        007AC4
__initialization                 cinit        007B54
__mediumconst                    mediumconst  000000
__pbssCOMRAM                     bssCOMRAM    000001
__pcinit                         cinit        007B54
__pcstackCOMRAM                  cstackCOMRAM 000023
__pdataCOMRAM                    dataCOMRAM   000013
__pidataCOMRAM                   idataCOMRAM  007906
__ptext0                         text0        007D3A
__ptext1                         text1        007A9A
__ptext10                        text10       0079E2
__ptext11                        text11       0079C2
__ptext12                        text12       007992
__ptext13                        text13       007B8A
__ptext14                        text14       007952
__ptext15                        text15       00793E
__ptext16                        text16       00792A
__ptext17                        text17       007916
__ptext18                        text18       00797C
__ptext19                        text19       007BE2
__ptext2                         text2        007B1E
__ptext20                        text20       007A70
__ptext21                        text21       007966
__ptext22                        text22       0078E6
__ptext23                        text23       007AC4
__ptext24                        text24       007A22
__ptext3                         text3        007A48
__ptext4                         text4        007A02
__ptext5                         text5        007C8C
__ptext6                         text6        0079A8
__ptext7                         text7        0078F8
__ptext8                         text8        007AF0
__ptext9                         text9        0078EA
__ramtop                         ramtop       000600
__size_of_ADC_Initialize         (abs)        000000
__size_of_EPWM1_Initialize       (abs)        000000
__size_of_EPWM2_Initialize       (abs)        000000
__size_of_I2C                    (abs)        000000
__size_of_I2C_Initialise         (abs)        000000
__size_of_I2C_send_data          (abs)        000000
__size_of_IdleI2C                (abs)        000000
__size_of_IsBumperL              (abs)        000000
__size_of_IsBumperR              (abs)        000000
__size_of_IsOptoL                (abs)        000000
__size_of_IsOptoR                (abs)        000000
__size_of_MCP23008_Initialise    (abs)        000000
__size_of_OSCILLATOR_Initialize  (abs)        000000
__size_of_PIN_MANAGER_Initialize (abs)        000000
__size_of_SYSTEM_Initialize      (abs)        000000
__size_of_StartI2C               (abs)        000000
__size_of_StopI2C                (abs)        000000
__size_of_TMR2_Initialize        (abs)        000000
__size_of_WriteI2C               (abs)        000000
__size_of_adcFunction            (abs)        000000
__size_of_diagnostic             (abs)        000000
__size_of_leftPosition           (abs)        000000
__size_of_main                   (abs)        000000
__size_of_motor_fwd              (abs)        000000
__size_of_rightPosition          (abs)        000000
__smallconst                     smallconst   000000
_adcFunction                     text4        007A02
_adcResult                       bssCOMRAM    00000F
_debounceTime                    dataCOMRAM   00001F
_diagnostic                      text5        007C8C
_digits                          dataCOMRAM   000013
_intialResult                    bssCOMRAM    00000D
_leftPosition                    text3        007A48
_main                            text0        007D3A
_motor_fwd                       text2        007B1E
_positionHolder                  bssCOMRAM    000005
_rightPosition                   text1        007A9A
_time                            bssCOMRAM    000001
_time1                           bssCOMRAM    00000B
end_of_initialization            cinit        007B80
intlevel0                        text         000000
intlevel1                        text         000000
intlevel2                        text         000000
intlevel3                        text         000000
motor_fwd@STAT                   cstackCOMRAM 000024
motor_fwd@dir                    cstackCOMRAM 000025
motor_fwd@spd                    cstackCOMRAM 000023
stackhi                          (abs)        0005FF
stacklo                          (abs)        000060
start                            init         000000
start_initialization             cinit        007B54


FUNCTION INFORMATION:

 *************** function _main *****************
 Defined at:
		line 66 in file "main.c"
 Parameters:    Size  Location     Type
		None
 Auto vars:     Size  Location     Type
		None
 Return value:  Size  Location     Type
                  1    wreg      void 
 Registers used:
		wreg, fsr2l, fsr2h, status,2, status,0, cstack
 Tracked objects:
		On entry : 
		On exit  : 
		Unchanged: 
 Data sizes:     COMRAM   BANK0   BANK1   BANK2   BANK3   BANK4   BANK5
      Params:         0       0       0       0       0       0       0
      Locals:         0       0       0       0       0       0       0
      Temps:          2       0       0       0       0       0       0
      Totals:         2       0       0       0       0       0       0
Total ram usage:        2 bytes
 Hardware stack levels required when called:    3
 This function calls:
		_I2C
		_I2C_Initialise
		_IsBumperL
		_IsBumperR
		_IsOptoL
		_IsOptoR
		_MCP23008_Initialise
		_SYSTEM_Initialize
		_adcFunction
		_diagnostic
		_leftPosition
		_motor_fwd
		_rightPosition
 This function is called by:
		Startup code after reset
 This function uses a non-reentrant model


 *************** function _rightPosition *****************
 Defined at:
		line 300 in file "main.c"
 Parameters:    Size  Location     Type
		None
 Auto vars:     Size  Location     Type
		None
 Return value:  Size  Location     Type
                  1    wreg      void 
 Registers used:
		wreg, cstack
 Tracked objects:
		On entry : 
		On exit  : 
		Unchanged: 
 Data sizes:     COMRAM   BANK0   BANK1   BANK2   BANK3   BANK4   BANK5
      Params:         0       0       0       0       0       0       0
      Locals:         0       0       0       0       0       0       0
      Temps:          1       0       0       0       0       0       0
      Totals:         1       0       0       0       0       0       0
Total ram usage:        1 bytes
 Hardware stack levels used:    1
 Hardware stack levels required when called:    1
 This function calls:
		_adcFunction
 This function is called by:
		_main
 This function uses a non-reentrant model


 *************** function _motor_fwd *****************
 Defined at:
		line 199 in file "main.c"
 Parameters:    Size  Location     Type
  dir             1    wreg     unsigned char 
  spd             1    0[COMRAM] unsigned char 
  STAT            1    1[COMRAM] _Bool 
 Auto vars:     Size  Location     Type
  dir             1    2[COMRAM] unsigned char 
 Return value:  Size  Location     Type
                  1    wreg      void 
 Registers used:
		wreg, status,2, status,0
 Tracked objects:
		On entry : 
		On exit  : 
		Unchanged: 
 Data sizes:     COMRAM   BANK0   BANK1   BANK2   BANK3   BANK4   BANK5
      Params:         2       0       0       0       0       0       0
      Locals:         1       0       0       0       0       0       0
      Temps:          0       0       0       0       0       0       0
      Totals:         3       0       0       0       0       0       0
Total ram usage:        3 bytes
 Hardware stack levels used:    1
 This function calls:
		Nothing
 This function is called by:
		_main
 This function uses a non-reentrant model


 *************** function _leftPosition *****************
 Defined at:
		line 315 in file "main.c"
 Parameters:    Size  Location     Type
		None
 Auto vars:     Size  Location     Type
		None
 Return value:  Size  Location     Type
                  1    wreg      void 
 Registers used:
		wreg, cstack
 Tracked objects:
		On entry : 
		On exit  : 
		Unchanged: 
 Data sizes:     COMRAM   BANK0   BANK1   BANK2   BANK3   BANK4   BANK5
      Params:         0       0       0       0       0       0       0
      Locals:         0       0       0       0       0       0       0
      Temps:          1       0       0       0       0       0       0
      Totals:         1       0       0       0       0       0       0
Total ram usage:        1 bytes
 Hardware stack levels used:    1
 Hardware stack levels required when called:    1
 This function calls:
		_adcFunction
 This function is called by:
		_main
 This function uses a non-reentrant model


 *************** function _adcFunction *****************
 Defined at:
		line 334 in file "main.c"
 Parameters:    Size  Location     Type
		None
 Auto vars:     Size  Location     Type
		None
 Return value:  Size  Location     Type
                  1    wreg      void 
 Registers used:
		None
 Tracked objects:
		On entry : 
		On exit  : 
		Unchanged: 
 Data sizes:     COMRAM   BANK0   BANK1   BANK2   BANK3   BANK4   BANK5
      Params:         0       0       0       0       0       0       0
      Locals:         0       0       0       0       0       0       0
      Temps:          0       0       0       0       0       0       0
      Totals:         0       0       0       0       0       0       0
Total ram usage:        0 bytes
 Hardware stack levels used:    1
 This function calls:
		Nothing
 This function is called by:
		_main
		_rightPosition
		_leftPosition
 This function uses a non-reentrant model


 *************** function _diagnostic *****************
 Defined at:
		line 189 in file "main.c"
 Parameters:    Size  Location     Type
		None
 Auto vars:     Size  Location     Type
		None
 Return value:  Size  Location     Type
                  1    wreg      void 
 Registers used:
		wreg, status,2, status,0
 Tracked objects:
		On entry : 
		On exit  : 
		Unchanged: 
 Data sizes:     COMRAM   BANK0   BANK1   BANK2   BANK3   BANK4   BANK5
      Params:         0       0       0       0       0       0       0
      Locals:         0       0       0       0       0       0       0
      Temps:          2       0       0       0       0       0       0
      Totals:         2       0       0       0       0       0       0
Total ram usage:        2 bytes
 Hardware stack levels used:    1
 This function calls:
		Nothing
 This function is called by:
		_main
 This function uses a non-reentrant model


 *************** function _SYSTEM_Initialize *****************
 Defined at:
		line 50 in file "mcc_generated_files/mcc.c"
 Parameters:    Size  Location     Type
		None
 Auto vars:     Size  Location     Type
		None
 Return value:  Size  Location     Type
                  1    wreg      void 
 Registers used:
		wreg, status,2, cstack
 Tracked objects:
		On entry : 
		On exit  : 
		Unchanged: 
 Data sizes:     COMRAM   BANK0   BANK1   BANK2   BANK3   BANK4   BANK5
      Params:         0       0       0       0       0       0       0
      Locals:         0       0       0       0       0       0       0
      Temps:          0       0       0       0       0       0       0
      Totals:         0       0       0       0       0       0       0
Total ram usage:        0 bytes
 Hardware stack levels used:    1
 Hardware stack levels required when called:    1
 This function calls:
		_ADC_Initialize
		_EPWM1_Initialize
		_EPWM2_Initialize
		_OSCILLATOR_Initialize
		_PIN_MANAGER_Initialize
		_TMR2_Initialize
 This function is called by:
		_main
 This function uses a non-reentrant model


 *************** function _TMR2_Initialize *****************
 Defined at:
		line 62 in file "mcc_generated_files/tmr2.c"
 Parameters:    Size  Location     Type
		None
 Auto vars:     Size  Location     Type
		None
 Return value:  Size  Location     Type
                  1    wreg      void 
 Registers used:
		wreg, status,2
 Tracked objects:
		On entry : 
		On exit  : 
		Unchanged: 
 Data sizes:     COMRAM   BANK0   BANK1   BANK2   BANK3   BANK4   BANK5
      Params:         0       0       0       0       0       0       0
      Locals:         0       0       0       0       0       0       0
      Temps:          0       0       0       0       0       0       0
      Totals:         0       0       0       0       0       0       0
Total ram usage:        0 bytes
 Hardware stack levels used:    1
 This function calls:
		Nothing
 This function is called by:
		_SYSTEM_Initialize
 This function uses a non-reentrant model


 *************** function _PIN_MANAGER_Initialize *****************
 Defined at:
		line 55 in file "mcc_generated_files/pin_manager.c"
 Parameters:    Size  Location     Type
		None
 Auto vars:     Size  Location     Type
		None
 Return value:  Size  Location     Type
                  1    wreg      void 
 Registers used:
		wreg, status,2
 Tracked objects:
		On entry : 
		On exit  : 
		Unchanged: 
 Data sizes:     COMRAM   BANK0   BANK1   BANK2   BANK3   BANK4   BANK5
      Params:         0       0       0       0       0       0       0
      Locals:         0       0       0       0       0       0       0
      Temps:          0       0       0       0       0       0       0
      Totals:         0       0       0       0       0       0       0
Total ram usage:        0 bytes
 Hardware stack levels used:    1
 This function calls:
		Nothing
 This function is called by:
		_SYSTEM_Initialize
 This function uses a non-reentrant model


 *************** function _OSCILLATOR_Initialize *****************
 Defined at:
		line 61 in file "mcc_generated_files/mcc.c"
 Parameters:    Size  Location     Type
		None
 Auto vars:     Size  Location     Type
		None
 Return value:  Size  Location     Type
                  1    wreg      void 
 Registers used:
		wreg, status,2
 Tracked objects:
		On entry : 
		On exit  : 
		Unchanged: 
 Data sizes:     COMRAM   BANK0   BANK1   BANK2   BANK3   BANK4   BANK5
      Params:         0       0       0       0       0       0       0
      Locals:         0       0       0       0       0       0       0
      Temps:          0       0       0       0       0       0       0
      Totals:         0       0       0       0       0       0       0
Total ram usage:        0 bytes
 Hardware stack levels used:    1
 This function calls:
		Nothing
 This function is called by:
		_SYSTEM_Initialize
 This function uses a non-reentrant model


 *************** function _EPWM2_Initialize *****************
 Defined at:
		line 64 in file "mcc_generated_files/epwm2.c"
 Parameters:    Size  Location     Type
		None
 Auto vars:     Size  Location     Type
		None
 Return value:  Size  Location     Type
                  1    wreg      void 
 Registers used:
		wreg, status,2
 Tracked objects:
		On entry : 
		On exit  : 
		Unchanged: 
 Data sizes:     COMRAM   BANK0   BANK1   BANK2   BANK3   BANK4   BANK5
      Params:         0       0       0       0       0       0       0
      Locals:         0       0       0       0       0       0       0
      Temps:          0       0       0       0       0       0       0
      Totals:         0       0       0       0       0       0       0
Total ram usage:        0 bytes
 Hardware stack levels used:    1
 This function calls:
		Nothing
 This function is called by:
		_SYSTEM_Initialize
 This function uses a non-reentrant model


 *************** function _EPWM1_Initialize *****************
 Defined at:
		line 64 in file "mcc_generated_files/epwm1.c"
 Parameters:    Size  Location     Type
		None
 Auto vars:     Size  Location     Type
		None
 Return value:  Size  Location     Type
                  1    wreg      void 
 Registers used:
		wreg, status,2
 Tracked objects:
		On entry : 
		On exit  : 
		Unchanged: 
 Data sizes:     COMRAM   BANK0   BANK1   BANK2   BANK3   BANK4   BANK5
      Params:         0       0       0       0       0       0       0
      Locals:         0       0       0       0       0       0       0
      Temps:          0       0       0       0       0       0       0
      Totals:         0       0       0       0       0       0       0
Total ram usage:        0 bytes
 Hardware stack levels used:    1
 This function calls:
		Nothing
 This function is called by:
		_SYSTEM_Initialize
 This function uses a non-reentrant model


 *************** function _ADC_Initialize *****************
 Defined at:
		line 62 in file "mcc_generated_files/adc.c"
 Parameters:    Size  Location     Type
		None
 Auto vars:     Size  Location     Type
		None
 Return value:  Size  Location     Type
                  1    wreg      void 
 Registers used:
		wreg, status,2
 Tracked objects:
		On entry : 
		On exit  : 
		Unchanged: 
 Data sizes:     COMRAM   BANK0   BANK1   BANK2   BANK3   BANK4   BANK5
      Params:         0       0       0       0       0       0       0
      Locals:         0       0       0       0       0       0       0
      Temps:          0       0       0       0       0       0       0
      Totals:         0       0       0       0       0       0       0
Total ram usage:        0 bytes
 Hardware stack levels used:    1
 This function calls:
		Nothing
 This function is called by:
		_SYSTEM_Initialize
 This function uses a non-reentrant model


 *************** function _MCP23008_Initialise *****************
 Defined at:
		line 224 in file "main.c"
 Parameters:    Size  Location     Type
		None
 Auto vars:     Size  Location     Type
		None
 Return value:  Size  Location     Type
                  1    wreg      void 
 Registers used:
		wreg, status,2, status,0, cstack
 Tracked objects:
		On entry : 
		On exit  : 
		Unchanged: 
 Data sizes:     COMRAM   BANK0   BANK1   BANK2   BANK3   BANK4   BANK5
      Params:         0       0       0       0       0       0       0
      Locals:         0       0       0       0       0       0       0
      Temps:          0       0       0       0       0       0       0
      Totals:         0       0       0       0       0       0       0
Total ram usage:        0 bytes
 Hardware stack levels used:    1
 Hardware stack levels required when called:    2
 This function calls:
		_I2C_send_data
		_IdleI2C
 This function is called by:
		_main
 This function uses a non-reentrant model


 *************** function _IsOptoR *****************
 Defined at:
		line 364 in file "main.c"
 Parameters:    Size  Location     Type
		None
 Auto vars:     Size  Location     Type
		None
 Return value:  Size  Location     Type
                  1    wreg      _Bool 
 Registers used:
		wreg
 Tracked objects:
		On entry : 
		On exit  : 
		Unchanged: 
 Data sizes:     COMRAM   BANK0   BANK1   BANK2   BANK3   BANK4   BANK5
      Params:         0       0       0       0       0       0       0
      Locals:         0       0       0       0       0       0       0
      Temps:          0       0       0       0       0       0       0
      Totals:         0       0       0       0       0       0       0
Total ram usage:        0 bytes
 Hardware stack levels used:    1
 This function calls:
		Nothing
 This function is called by:
		_main
 This function uses a non-reentrant model


 *************** function _IsOptoL *****************
 Defined at:
		line 358 in file "main.c"
 Parameters:    Size  Location     Type
		None
 Auto vars:     Size  Location     Type
		None
 Return value:  Size  Location     Type
                  1    wreg      _Bool 
 Registers used:
		wreg
 Tracked objects:
		On entry : 
		On exit  : 
		Unchanged: 
 Data sizes:     COMRAM   BANK0   BANK1   BANK2   BANK3   BANK4   BANK5
      Params:         0       0       0       0       0       0       0
      Locals:         0       0       0       0       0       0       0
      Temps:          0       0       0       0       0       0       0
      Totals:         0       0       0       0       0       0       0
Total ram usage:        0 bytes
 Hardware stack levels used:    1
 This function calls:
		Nothing
 This function is called by:
		_main
 This function uses a non-reentrant model


 *************** function _IsBumperR *****************
 Defined at:
		line 352 in file "main.c"
 Parameters:    Size  Location     Type
		None
 Auto vars:     Size  Location     Type
		None
 Return value:  Size  Location     Type
                  1    wreg      _Bool 
 Registers used:
		wreg
 Tracked objects:
		On entry : 
		On exit  : 
		Unchanged: 
 Data sizes:     COMRAM   BANK0   BANK1   BANK2   BANK3   BANK4   BANK5
      Params:         0       0       0       0       0       0       0
      Locals:         0       0       0       0       0       0       0
      Temps:          0       0       0       0       0       0       0
      Totals:         0       0       0       0       0       0       0
Total ram usage:        0 bytes
 Hardware stack levels used:    1
 This function calls:
		Nothing
 This function is called by:
		_main
 This function uses a non-reentrant model


 *************** function _IsBumperL *****************
 Defined at:
		line 346 in file "main.c"
 Parameters:    Size  Location     Type
		None
 Auto vars:     Size  Location     Type
		None
 Return value:  Size  Location     Type
                  1    wreg      _Bool 
 Registers used:
		wreg
 Tracked objects:
		On entry : 
		On exit  : 
		Unchanged: 
 Data sizes:     COMRAM   BANK0   BANK1   BANK2   BANK3   BANK4   BANK5
      Params:         0       0       0       0       0       0       0
      Locals:         0       0       0       0       0       0       0
      Temps:          0       0       0       0       0       0       0
      Totals:         0       0       0       0       0       0       0
Total ram usage:        0 bytes
 Hardware stack levels used:    1
 This function calls:
		Nothing
 This function is called by:
		_main
 This function uses a non-reentrant model


 *************** function _I2C_Initialise *****************
 Defined at:
		line 214 in file "main.c"
 Parameters:    Size  Location     Type
		None
 Auto vars:     Size  Location     Type
		None
 Return value:  Size  Location     Type
                  1    wreg      void 
 Registers used:
		wreg, status,2
 Tracked objects:
		On entry : 
		On exit  : 
		Unchanged: 
 Data sizes:     COMRAM   BANK0   BANK1   BANK2   BANK3   BANK4   BANK5
      Params:         0       0       0       0       0       0       0
      Locals:         0       0       0       0       0       0       0
      Temps:          0       0       0       0       0       0       0
      Totals:         0       0       0       0       0       0       0
Total ram usage:        0 bytes
 Hardware stack levels used:    1
 This function calls:
		Nothing
 This function is called by:
		_main
 This function uses a non-reentrant model


 *************** function _I2C *****************
 Defined at:
		line 280 in file "main.c"
 Parameters:    Size  Location     Type
		None
 Auto vars:     Size  Location     Type
		None
 Return value:  Size  Location     Type
                  1    wreg      void 
 Registers used:
		wreg, fsr2l, fsr2h, status,2, status,0, cstack
 Tracked objects:
		On entry : 
		On exit  : 
		Unchanged: 
 Data sizes:     COMRAM   BANK0   BANK1   BANK2   BANK3   BANK4   BANK5
      Params:         0       0       0       0       0       0       0
      Locals:         0       0       0       0       0       0       0
      Temps:          2       0       0       0       0       0       0
      Totals:         2       0       0       0       0       0       0
Total ram usage:        2 bytes
 Hardware stack levels used:    1
 Hardware stack levels required when called:    2
 This function calls:
		_I2C_send_data
 This function is called by:
		_main
 This function uses a non-reentrant model


 *************** function _I2C_send_data *****************
 Defined at:
		line 238 in file "main.c"
 Parameters:    Size  Location     Type
  device_addre    1    wreg     unsigned char 
  register_add    1    1[COMRAM] unsigned char 
  register_dat    1    2[COMRAM] unsigned char 
 Auto vars:     Size  Location     Type
  device_addre    1    3[COMRAM] unsigned char 
 Return value:  Size  Location     Type
                  1    wreg      void 
 Registers used:
		wreg, status,2, status,0, cstack
 Tracked objects:
		On entry : 
		On exit  : 
		Unchanged: 
 Data sizes:     COMRAM   BANK0   BANK1   BANK2   BANK3   BANK4   BANK5
      Params:         2       0       0       0       0       0       0
      Locals:         1       0       0       0       0       0       0
      Temps:          0       0       0       0       0       0       0
      Totals:         3       0       0       0       0       0       0
Total ram usage:        3 bytes
 Hardware stack levels used:    1
 Hardware stack levels required when called:    1
 This function calls:
		_IdleI2C
		_StartI2C
		_StopI2C
		_WriteI2C
 This function is called by:
		_MCP23008_Initialise
		_I2C
 This function uses a non-reentrant model


 *************** function _WriteI2C *****************
 Defined at:
		line 267 in file "main.c"
 Parameters:    Size  Location     Type
  data            1    wreg     unsigned char 
 Auto vars:     Size  Location     Type
  data            1    0[COMRAM] unsigned char 
 Return value:  Size  Location     Type
                  1    wreg      void 
 Registers used:
		wreg
 Tracked objects:
		On entry : 
		On exit  : 
		Unchanged: 
 Data sizes:     COMRAM   BANK0   BANK1   BANK2   BANK3   BANK4   BANK5
      Params:         0       0       0       0       0       0       0
      Locals:         1       0       0       0       0       0       0
      Temps:          0       0       0       0       0       0       0
      Totals:         1       0       0       0       0       0       0
Total ram usage:        1 bytes
 Hardware stack levels used:    1
 This function calls:
		Nothing
 This function is called by:
		_I2C_send_data
 This function uses a non-reentrant model


 *************** function _StopI2C *****************
 Defined at:
		line 274 in file "main.c"
 Parameters:    Size  Location     Type
		None
 Auto vars:     Size  Location     Type
		None
 Return value:  Size  Location     Type
                  1    wreg      void 
 Registers used:
		None
 Tracked objects:
		On entry : 
		On exit  : 
		Unchanged: 
 Data sizes:     COMRAM   BANK0   BANK1   BANK2   BANK3   BANK4   BANK5
      Params:         0       0       0       0       0       0       0
      Locals:         0       0       0       0       0       0       0
      Temps:          0       0       0       0       0       0       0
      Totals:         0       0       0       0       0       0       0
Total ram usage:        0 bytes
 Hardware stack levels used:    1
 This function calls:
		Nothing
 This function is called by:
		_I2C_send_data
 This function uses a non-reentrant model


 *************** function _StartI2C *****************
 Defined at:
		line 257 in file "main.c"
 Parameters:    Size  Location     Type
		None
 Auto vars:     Size  Location     Type
		None
 Return value:  Size  Location     Type
                  1    wreg      void 
 Registers used:
		wreg, status,2, status,0
 Tracked objects:
		On entry : 
		On exit  : 
		Unchanged: 
 Data sizes:     COMRAM   BANK0   BANK1   BANK2   BANK3   BANK4   BANK5
      Params:         0       0       0       0       0       0       0
      Locals:         0       0       0       0       0       0       0
      Temps:          1       0       0       0       0       0       0
      Totals:         1       0       0       0       0       0       0
Total ram usage:        1 bytes
 Hardware stack levels used:    1
 This function calls:
		Nothing
 This function is called by:
		_I2C_send_data
 This function uses a non-reentrant model


 *************** function _IdleI2C *****************
 Defined at:
		line 251 in file "main.c"
 Parameters:    Size  Location     Type
		None
 Auto vars:     Size  Location     Type
		None
 Return value:  Size  Location     Type
                  1    wreg      void 
 Registers used:
		wreg, status,2, status,0
 Tracked objects:
		On entry : 
		On exit  : 
		Unchanged: 
 Data sizes:     COMRAM   BANK0   BANK1   BANK2   BANK3   BANK4   BANK5
      Params:         0       0       0       0       0       0       0
      Locals:         0       0       0       0       0       0       0
      Temps:          1       0       0       0       0       0       0
      Totals:         1       0       0       0       0       0       0
Total ram usage:        1 bytes
 Hardware stack levels used:    1
 This function calls:
		Nothing
 This function is called by:
		_MCP23008_Initialise
		_I2C_send_data
 This function uses a non-reentrant model



MODULE INFORMATION

Module		Function		Class		Link	Load	Size
mcc_generated_files/tmr2.c
		_TMR2_Initialize		CODE           	78F8	0000	14

mcc_generated_files/tmr2.c estimated size: 14

mcc_generated_files/epwm2.c
		_EPWM2_Initialize		CODE           	79E2	0000	32

mcc_generated_files/epwm2.c estimated size: 32

mcc_generated_files/pin_manager.c
		_PIN_MANAGER_Initialize		CODE           	7AF0	0000	46

mcc_generated_files/pin_manager.c estimated size: 46

mcc_generated_files/adc.c
		_ADC_Initialize		CODE           	7992	0000	22

mcc_generated_files/adc.c estimated size: 22

shared
		__initialization		CODE           	7B54	0000	44

shared estimated size: 44

mcc_generated_files/mcc.c
		_OSCILLATOR_Initialize		CODE           	78EA	0000	14
		_SYSTEM_Initialize		CODE           	79A8	0000	26

mcc_generated_files/mcc.c estimated size: 40

mcc_generated_files/epwm1.c
		_EPWM1_Initialize		CODE           	79C2	0000	32

mcc_generated_files/epwm1.c estimated size: 32

main.c
		_IdleI2C       		CODE           	7A22	0000	38
		_main          		CODE           	7D3A	0000	710
		_I2C_send_data 		CODE           	7A70	0000	42
		_MCP23008_Initialise		CODE           	7B8A	0000	88
		_motor_fwd     		CODE           	7B1E	0000	54
		_adcFunction   		CODE           	7A02	0000	32
		_diagnostic    		CODE           	7C8C	0000	174
		_StopI2C       		CODE           	78E6	0000	4
		_IsOptoL       		CODE           	793E	0000	20
		_I2C           		CODE           	7BE2	0000	170
		_WriteI2C      		CODE           	7966	0000	22
		_StartI2C      		CODE           	7AC4	0000	44
		_I2C_Initialise		CODE           	797C	0000	22
		_leftPosition  		CODE           	7A48	0000	40
		_IsOptoR       		CODE           	7952	0000	20
		_rightPosition 		CODE           	7A9A	0000	42
		_IsBumperL     		CODE           	7916	0000	20
		_IsBumperR     		CODE           	792A	0000	20

main.c estimated size: 1562

